Archive member included to satisfy reference by file (symbol)

h:/metropolia/iot/pico/pico-sdk-v1.5.0/gcc-arm-none-eabi/bin/../lib/gcc/arm-none-eabi/10.3.1/thumb/v6-m/nofp\libgcc.a(_dvmd_tls.o)
                              wifi/src/CMakeFiles/wifi_bridge.dir/H_/Metropolia/IOT/Pico/Pico-SDK-v1.5.0/pico-sdk/src/rp2_common/pico_divider/divider.S.obj (__aeabi_idiv0)
h:/metropolia/iot/pico/pico-sdk-v1.5.0/gcc-arm-none-eabi/bin/../lib/gcc/arm-none-eabi/10.3.1/../../../../arm-none-eabi/lib/thumb/v6-m/nofp\libg.a(lib_a-atoi.o)
                              wifi/src/CMakeFiles/wifi_bridge.dir/H_/Metropolia/IOT/Pico/Pico-SDK-v1.5.0/pico-sdk/lib/lwip/src/core/netif.c.obj (atoi)
h:/metropolia/iot/pico/pico-sdk-v1.5.0/gcc-arm-none-eabi/bin/../lib/gcc/arm-none-eabi/10.3.1/../../../../arm-none-eabi/lib/thumb/v6-m/nofp\libg.a(lib_a-calloc.o)
                              wifi/src/CMakeFiles/wifi_bridge.dir/H_/Metropolia/IOT/Pico/Pico-SDK-v1.5.0/pico-sdk/src/rp2_common/pico_malloc/pico_malloc.c.obj (calloc)
h:/metropolia/iot/pico/pico-sdk-v1.5.0/gcc-arm-none-eabi/bin/../lib/gcc/arm-none-eabi/10.3.1/../../../../arm-none-eabi/lib/thumb/v6-m/nofp\libg.a(lib_a-callocr.o)
                              h:/metropolia/iot/pico/pico-sdk-v1.5.0/gcc-arm-none-eabi/bin/../lib/gcc/arm-none-eabi/10.3.1/../../../../arm-none-eabi/lib/thumb/v6-m/nofp\libg.a(lib_a-calloc.o) (_calloc_r)
h:/metropolia/iot/pico/pico-sdk-v1.5.0/gcc-arm-none-eabi/bin/../lib/gcc/arm-none-eabi/10.3.1/../../../../arm-none-eabi/lib/thumb/v6-m/nofp\libg.a(lib_a-ctype_.o)
                              wifi/src/CMakeFiles/wifi_bridge.dir/H_/Metropolia/IOT/Pico/Pico-SDK-v1.5.0/pico-sdk/lib/lwip/src/core/dns.c.obj (_ctype_)
h:/metropolia/iot/pico/pico-sdk-v1.5.0/gcc-arm-none-eabi/bin/../lib/gcc/arm-none-eabi/10.3.1/../../../../arm-none-eabi/lib/thumb/v6-m/nofp\libg.a(lib_a-errno.o)
                              h:/metropolia/iot/pico/pico-sdk-v1.5.0/gcc-arm-none-eabi/bin/../lib/gcc/arm-none-eabi/10.3.1/../../../../arm-none-eabi/lib/thumb/v6-m/nofp\libg.a(lib_a-callocr.o) (__errno)
h:/metropolia/iot/pico/pico-sdk-v1.5.0/gcc-arm-none-eabi/bin/../lib/gcc/arm-none-eabi/10.3.1/../../../../arm-none-eabi/lib/thumb/v6-m/nofp\libg.a(lib_a-impure.o)
                              h:/metropolia/iot/pico/pico-sdk-v1.5.0/gcc-arm-none-eabi/bin/../lib/gcc/arm-none-eabi/10.3.1/../../../../arm-none-eabi/lib/thumb/v6-m/nofp\libg.a(lib_a-calloc.o) (_impure_ptr)
h:/metropolia/iot/pico/pico-sdk-v1.5.0/gcc-arm-none-eabi/bin/../lib/gcc/arm-none-eabi/10.3.1/../../../../arm-none-eabi/lib/thumb/v6-m/nofp\libg.a(lib_a-init.o)
                              h:/metropolia/iot/pico/pico-sdk-v1.5.0/gcc-arm-none-eabi/bin/../lib/gcc/arm-none-eabi/10.3.1/../../../../arm-none-eabi/lib/thumb/v6-m/nofp/crt0.o (__libc_init_array)
h:/metropolia/iot/pico/pico-sdk-v1.5.0/gcc-arm-none-eabi/bin/../lib/gcc/arm-none-eabi/10.3.1/../../../../arm-none-eabi/lib/thumb/v6-m/nofp\libg.a(lib_a-malloc.o)
                              wifi/src/CMakeFiles/wifi_bridge.dir/H_/Metropolia/IOT/Pico/Pico-SDK-v1.5.0/pico-sdk/src/rp2_common/pico_malloc/pico_malloc.c.obj (malloc)
h:/metropolia/iot/pico/pico-sdk-v1.5.0/gcc-arm-none-eabi/bin/../lib/gcc/arm-none-eabi/10.3.1/../../../../arm-none-eabi/lib/thumb/v6-m/nofp\libg.a(lib_a-mallocr.o)
                              h:/metropolia/iot/pico/pico-sdk-v1.5.0/gcc-arm-none-eabi/bin/../lib/gcc/arm-none-eabi/10.3.1/../../../../arm-none-eabi/lib/thumb/v6-m/nofp\libg.a(lib_a-callocr.o) (_malloc_r)
h:/metropolia/iot/pico/pico-sdk-v1.5.0/gcc-arm-none-eabi/bin/../lib/gcc/arm-none-eabi/10.3.1/../../../../arm-none-eabi/lib/thumb/v6-m/nofp\libg.a(lib_a-memcmp.o)
                              wifi/src/CMakeFiles/wifi_bridge.dir/H_/Metropolia/IOT/Pico/Pico-SDK-v1.5.0/pico-sdk/lib/lwip/src/netif/ethernet.c.obj (memcmp)
h:/metropolia/iot/pico/pico-sdk-v1.5.0/gcc-arm-none-eabi/bin/../lib/gcc/arm-none-eabi/10.3.1/../../../../arm-none-eabi/lib/thumb/v6-m/nofp\libg.a(lib_a-memmove.o)
                              wifi/src/CMakeFiles/wifi_bridge.dir/H_/Metropolia/IOT/Pico/Pico-SDK-v1.5.0/pico-sdk/lib/lwip/src/core/def.c.obj (memmove)
h:/metropolia/iot/pico/pico-sdk-v1.5.0/gcc-arm-none-eabi/bin/../lib/gcc/arm-none-eabi/10.3.1/../../../../arm-none-eabi/lib/thumb/v6-m/nofp\libg.a(lib_a-mlock.o)
                              h:/metropolia/iot/pico/pico-sdk-v1.5.0/gcc-arm-none-eabi/bin/../lib/gcc/arm-none-eabi/10.3.1/../../../../arm-none-eabi/lib/thumb/v6-m/nofp\libg.a(lib_a-mallocr.o) (__malloc_lock)
h:/metropolia/iot/pico/pico-sdk-v1.5.0/gcc-arm-none-eabi/bin/../lib/gcc/arm-none-eabi/10.3.1/../../../../arm-none-eabi/lib/thumb/v6-m/nofp\libg.a(lib_a-realloc.o)
                              wifi/src/CMakeFiles/wifi_bridge.dir/H_/Metropolia/IOT/Pico/Pico-SDK-v1.5.0/pico-sdk/src/rp2_common/pico_malloc/pico_malloc.c.obj (realloc)
h:/metropolia/iot/pico/pico-sdk-v1.5.0/gcc-arm-none-eabi/bin/../lib/gcc/arm-none-eabi/10.3.1/../../../../arm-none-eabi/lib/thumb/v6-m/nofp\libg.a(lib_a-reallocr.o)
[...]
Memory Configuration

Name             Origin             Length             Attributes
FLASH            0x10000000         0x00200000         xr
RAM              0x20000000         0x00040000         xrw
SCRATCH_X        0x20040000         0x00001000         xrw
SCRATCH_Y        0x20041000         0x00001000         xrw
*default*        0x00000000         0xffffffff

Linker script and memory map

LOAD h:/metropolia/iot/pico/pico-sdk-v1.5.0/gcc-arm-none-eabi/bin/../lib/gcc/arm-none-eabi/10.3.1/thumb/v6-m/nofp/crti.o
LOAD h:/metropolia/iot/pico/pico-sdk-v1.5.0/gcc-arm-none-eabi/bin/../lib/gcc/arm-none-eabi/10.3.1/thumb/v6-m/nofp/crtbegin.o
LOAD h:/metropolia/iot/pico/pico-sdk-v1.5.0/gcc-arm-none-eabi/bin/../lib/gcc/arm-none-eabi/10.3.1/../../../../arm-none-eabi/lib/thumb/v6-m/nofp/crt0.o

.flash_begin    0x10000000        0x0
                0x10000000                __flash_binary_start = .

.boot2          0x10000000      0x100
                0x10000000                __boot2_start__ = .
 *(.boot2)
 .boot2         0x10000000      0x100 C:\Users\sulof\AppData\Local\Temp\cc20gNUT.o
                0x10000100                __boot2_end__ = .
                0x00000001                ASSERT (((__boot2_end__ - __boot2_start__) == 0x100), ERROR: Pico second stage bootloader must be 256 bytes in size)

.text           0x10000100    0x11a40
                0x10000100                __logical_binary_start = .
 *(.vectors)
 .vectors       0x10000100       0xd4 wifi/src/CMakeFiles/wifi_bridge.dir/H_/Metropolia/IOT/Pico/Pico-SDK-v1.5.0/pico-sdk/src/rp2_common/pico_standard_link/crt0.S.obj
                0x10000100                __VECTOR_TABLE
                0x10000100                __vectors
                0x100001c0                isr_invalid
                0x100001c0                __default_isrs_start
                0x100001c2                isr_nmi
                0x100001c4                isr_hardfault
                0x100001c6                isr_svcall
                0x100001c8                isr_pendsv
                0x100001ca                isr_systick
                0x100001cc                isr_irq23
                0x100001cc                isr_irq18
                0x100001cc                isr_irq11
                0x100001cc                isr_irq28
                0x100001cc                isr_irq19
                0x100001cc                isr_irq0
                0x100001cc                isr_irq6
                0x100001cc                isr_irq5
                0x100001cc                isr_irq12
                0x100001cc                isr_irq22
                0x100001cc                isr_irq31
                0x100001cc                isr_irq17
                0x100001cc                isr_irq27
                0x100001cc                isr_irq30
                0x100001cc                isr_irq2
                0x100001cc                isr_irq10
                0x100001cc                isr_irq8
                0x100001cc                isr_irq24
                0x100001cc                isr_irq1
                0x100001cc                isr_irq7
                0x100001cc                isr_irq21
                0x100001cc                isr_irq20
                0x100001cc                isr_irq15
                0x100001cc                isr_irq25
                0x100001cc                isr_irq13
                0x100001cc                __unhandled_user_irq
                0x100001cc                isr_irq4
                0x100001cc                isr_irq16
                0x100001cc                isr_irq29
                0x100001cc                isr_irq26
                0x100001cc                __default_isrs_end
                0x100001cc                isr_irq3
                0x100001cc                isr_irq14
                0x100001cc                isr_irq9
                0x100001d2                unhandled_user_irq_num_in_r0
 *(.binary_info_header)
 .binary_info_header
                0x100001d4       0x14 wifi/src/CMakeFiles/wifi_bridge.dir/H_/Metropolia/IOT/Pico/Pico-SDK-v1.5.0/pico-sdk/src/rp2_common/pico_standard_link/crt0.S.obj
                0x100001e8                __binary_info_header_end = .
 *(.reset)
 .reset         0x100001e8       0xa0 wifi/src/CMakeFiles/wifi_bridge.dir/H_/Metropolia/IOT/Pico/Pico-SDK-v1.5.0/pico-sdk/src/rp2_common/pico_standard_link/crt0.S.obj
                0x100001e8                _entry_point
 .reset         0x10000288       0x30 wifi/src/CMakeFiles/wifi_bridge.dir/H_/Metropolia/IOT/Pico/Pico-SDK-v1.5.0/pico-sdk/src/rp2_common/pico_standard_link/binary_info.c.obj
 *(.init)
 .init          0x100002b8        0x4 h:/metropolia/iot/pico/pico-sdk-v1.5.0/gcc-arm-none-eabi/bin/../lib/gcc/arm-none-eabi/10.3.1/thumb/v6-m/nofp/crti.o
                0x100002b8                _init
 *(EXCLUDE_FILE(*libm.a: *libc.a:*lib_a-mem*.o *libgcc.a:) .text*)
 .text          0x100002bc       0x48 h:/metropolia/iot/pico/pico-sdk-v1.5.0/gcc-arm-none-eabi/bin/../lib/gcc/arm-none-eabi/10.3.1/thumb/v6-m/nofp/crtbegin.o
 .text.init_wifi
                0x10000304       0x14 wifi/src/CMakeFiles/wifi_bridge.dir/wifi.c.obj
                0x10000304                init_wifi
 .text.connect_wifi
                0x10000318       0x20 wifi/src/CMakeFiles/wifi_bridge.dir/wifi.c.obj
                0x10000318                connect_wifi
 .text.main     0x10000338       0x1c wifi/src/CMakeFiles/wifi_bridge.dir/wifi.c.obj
                0x10000338                main
 .text.gpio_set_function
                0x10000354       0x30 wifi/src/CMakeFiles/wifi_bridge.dir/H_/Metropolia/IOT/Pico/Pico-SDK-v1.5.0/pico-sdk/src/rp2_common/hardware_gpio/gpio.c.obj
                0x10000354                gpio_set_function
 .text.gpio_set_pulls
                0x10000384       0x34 wifi/src/CMakeFiles/wifi_bridge.dir/H_/Metropolia/IOT/Pico/Pico-SDK-v1.5.0/pico-sdk/src/rp2_common/hardware_gpio/gpio.c.obj
                0x10000384                gpio_set_pulls
 .text.gpio_set_input_hysteresis_enabled
                0x100003b8       0x30 wifi/src/CMakeFiles/wifi_bridge.dir/H_/Metropolia/IOT/Pico/Pico-SDK-v1.5.0/pico-sdk/src/rp2_common/hardware_gpio/gpio.c.obj
                0x100003b8                gpio_set_input_hysteresis_enabled
 .text.gpio_add_raw_irq_handler_with_order_priority_masked
                0x100003e8       0x40 wifi/src/CMakeFiles/wifi_bridge.dir/H_/Metropolia/IOT/Pico/Pico-SDK-v1.5.0/pico-sdk/src/rp2_common/hardware_gpio/gpio.c.obj
                0x100003e8                gpio_add_raw_irq_handler_with_order_priority_masked
 .text.gpio_remove_raw_irq_handler_masked
                0x10000428       0x48 wifi/src/CMakeFiles/wifi_bridge.dir/H_/Metropolia/IOT/Pico/Pico-SDK-v1.5.0/pico-sdk/src/rp2_common/hardware_gpio/gpio.c.obj
                0x10000428                gpio_remove_raw_irq_handler_masked
 .text.gpio_acknowledge_irq
                0x10000470       0x18 wifi/src/CMakeFiles/wifi_bridge.dir/H_/Metropolia/IOT/Pico/Pico-SDK-v1.5.0/pico-sdk/src/rp2_common/hardware_gpio/gpio.c.obj
                0x10000470                gpio_acknowledge_irq
 .text._gpio_set_irq_enabled
                0x10000488       0x34 wifi/src/CMakeFiles/wifi_bridge.dir/H_/Metropolia/IOT/Pico/Pico-SDK-v1.5.0/pico-sdk/src/rp2_common/hardware_gpio/gpio.c.obj
 .text.gpio_set_irq_enabled
                0x100004bc       0x20 wifi/src/CMakeFiles/wifi_bridge.dir/H_/Metropolia/IOT/Pico/Pico-SDK-v1.5.0/pico-sdk/src/rp2_common/hardware_gpio/gpio.c.obj
                0x100004bc                gpio_set_irq_enabled
 .text.gpio_init
                0x100004dc       0x16 wifi/src/CMakeFiles/wifi_bridge.dir/H_/Metropolia/IOT/Pico/Pico-SDK-v1.5.0/pico-sdk/src/rp2_common/hardware_gpio/gpio.c.obj
                0x100004dc                gpio_init
 *fill*         0x100004f2        0x2 
 .text.running_on_fpga
                0x100004f4       0x14 wifi/src/CMakeFiles/wifi_bridge.dir/H_/Metropolia/IOT/Pico/Pico-SDK-v1.5.0/pico-sdk/src/rp2_common/pico_platform/platform.c.obj
                0x100004f4                running_on_fpga
 .text.hw_claim_lock
                0x10000508       0x18 wifi/src/CMakeFiles/wifi_bridge.dir/H_/Metropolia/IOT/Pico/Pico-SDK-v1.5.0/pico-sdk/src/rp2_common/hardware_claim/claim.c.obj
                0x10000508                hw_claim_lock
 .text.hw_claim_unlock
                0x10000520       0x14 wifi/src/CMakeFiles/wifi_bridge.dir/H_/Metropolia/IOT/Pico/Pico-SDK-v1.5.0/pico-sdk/src/rp2_common/hardware_claim/claim.c.obj
                0x10000520                hw_claim_unlock
 .text.hw_claim_or_assert
                0x10000534       0x32 wifi/src/CMakeFiles/wifi_bridge.dir/H_/Metropolia/IOT/Pico/Pico-SDK-v1.5.0/pico-sdk/src/rp2_common/hardware_claim/claim.c.obj
                0x10000534                hw_claim_or_assert
 .text.hw_claim_unused_from_range
                0x10000566       0x50 wifi/src/CMakeFiles/wifi_bridge.dir/H_/Metropolia/IOT/Pico/Pico-SDK-v1.5.0/pico-sdk/src/rp2_common/hardware_claim/claim.c.obj
                0x10000566                hw_claim_unused_from_range
 *fill*         0x100005b6        0x2 
 .text.hw_claim_clear
                0x100005b8       0x40 wifi/src/CMakeFiles/wifi_bridge.dir/H_/Metropolia/IOT/Pico/Pico-SDK-v1.5.0/pico-sdk/src/rp2_common/hardware_claim/claim.c.obj
                0x100005b8                hw_claim_clear
 .text.spin_locks_reset
                0x100005f8       0x20 wifi/src/CMakeFiles/wifi_bridge.dir/H_/Metropolia/IOT/Pico/Pico-SDK-v1.5.0/pico-sdk/src/rp2_common/hardware_sync/sync.c.obj
                0x100005f8                spin_locks_reset
 .text.next_striped_spin_lock_num
                0x10000618       0x1c wifi/src/CMakeFiles/wifi_bridge.dir/H_/Metropolia/IOT/Pico/Pico-SDK-v1.5.0/pico-sdk/src/rp2_common/hardware_sync/sync.c.obj
                0x10000618                next_striped_spin_lock_num
 .text.set_raw_irq_handler_and_unlock
                0x10000634       0x28 wifi/src/CMakeFiles/wifi_bridge.dir/H_/Metropolia/IOT/Pico/Pico-SDK-v1.5.0/pico-sdk/src/rp2_common/hardware_irq/irq.c.obj
 .text.get_user_irq_claim_index
                0x1000065c        0x6 wifi/src/CMakeFiles/wifi_bridge.dir/H_/Metropolia/IOT/Pico/Pico-SDK-v1.5.0/pico-sdk/src/rp2_common/hardware_irq/irq.c.obj
 *fill*         0x10000662        0x2 
 .text.make_branch
                0x10000664       0x48 wifi/src/CMakeFiles/wifi_bridge.dir/H_/Metropolia/IOT/Pico/Pico-SDK-v1.5.0/pico-sdk/src/rp2_common/hardware_irq/irq.c.obj
 .text.insert_branch_and_link
                0x100006ac       0x40 wifi/src/CMakeFiles/wifi_bridge.dir/H_/Metropolia/IOT/Pico/Pico-SDK-v1.5.0/pico-sdk/src/rp2_common/hardware_irq/irq.c.obj
 .text.irq_is_enabled
                0x100006ec       0x18 wifi/src/CMakeFiles/wifi_bridge.dir/H_/Metropolia/IOT/Pico/Pico-SDK-v1.5.0/pico-sdk/src/rp2_common/hardware_irq/irq.c.obj
                0x100006ec                irq_is_enabled
 .text.irq_set_mask_enabled
                0x10000704       0x20 wifi/src/CMakeFiles/wifi_bridge.dir/H_/Metropolia/IOT/Pico/Pico-SDK-v1.5.0/pico-sdk/src/rp2_common/hardware_irq/irq.c.obj
                0x10000704                irq_set_mask_enabled
 .text.irq_set_enabled
                0x10000724        0xe wifi/src/CMakeFiles/wifi_bridge.dir/H_/Metropolia/IOT/Pico/Pico-SDK-v1.5.0/pico-sdk/src/rp2_common/hardware_irq/irq.c.obj
                0x10000724                irq_set_enabled
 *fill*         0x10000732        0x2 
 .text.irq_set_pending
                0x10000734       0x10 wifi/src/CMakeFiles/wifi_bridge.dir/H_/Metropolia/IOT/Pico/Pico-SDK-v1.5.0/pico-sdk/src/rp2_common/hardware_irq/irq.c.obj
                0x10000734                irq_set_pending
 .text.irq_get_vtable_handler
                0x10000744       0x10 wifi/src/CMakeFiles/wifi_bridge.dir/H_/Metropolia/IOT/Pico/Pico-SDK-v1.5.0/pico-sdk/src/rp2_common/hardware_irq/irq.c.obj
                0x10000744                irq_get_vtable_handler
 .text.irq_set_exclusive_handler
                0x10000754       0x54 wifi/src/CMakeFiles/wifi_bridge.dir/H_/Metropolia/IOT/Pico/Pico-SDK-v1.5.0/pico-sdk/src/rp2_common/hardware_irq/irq.c.obj
                0x10000754                irq_set_exclusive_handler
 .text.irq_add_shared_handler
                0x100007a8      0x234 wifi/src/CMakeFiles/wifi_bridge.dir/H_/Metropolia/IOT/Pico/Pico-SDK-v1.5.0/pico-sdk/src/rp2_common/hardware_irq/irq.c.obj
                0x100007a8                irq_add_shared_handler
 .text.irq_remove_handler
                0x100009dc      0x1ac wifi/src/CMakeFiles/wifi_bridge.dir/H_/Metropolia/IOT/Pico/Pico-SDK-v1.5.0/pico-sdk/src/rp2_common/hardware_irq/irq.c.obj
                0x100009dc                irq_remove_handler
 .text.irq_set_priority
                0x10000b88       0x28 wifi/src/CMakeFiles/wifi_bridge.dir/H_/Metropolia/IOT/Pico/Pico-SDK-v1.5.0/pico-sdk/src/rp2_common/hardware_irq/irq.c.obj
                0x10000b88                irq_set_priority
 .text.irq_add_tail_to_free_list
                0x10000bb0       0xf0 wifi/src/CMakeFiles/wifi_bridge.dir/H_/Metropolia/IOT/Pico/Pico-SDK-v1.5.0/pico-sdk/src/rp2_common/hardware_irq/irq.c.obj
                0x10000bb0                irq_add_tail_to_free_list
 .text.irq_init_priorities
                0x10000ca0       0x1c wifi/src/CMakeFiles/wifi_bridge.dir/H_/Metropolia/IOT/Pico/Pico-SDK-v1.5.0/pico-sdk/src/rp2_common/hardware_irq/irq.c.obj
                0x10000ca0                irq_init_priorities
 .text.user_irq_unclaim
                0x10000cbc       0x14 wifi/src/CMakeFiles/wifi_bridge.dir/H_/Metropolia/IOT/Pico/Pico-SDK-v1.5.0/pico-sdk/src/rp2_common/hardware_irq/irq.c.obj
                0x10000cbc                user_irq_unclaim
 .text.user_irq_claim_unused
                0x10000cd0       0x28 wifi/src/CMakeFiles/wifi_bridge.dir/H_/Metropolia/IOT/Pico/Pico-SDK-v1.5.0/pico-sdk/src/rp2_common/hardware_irq/irq.c.obj
                0x10000cd0                user_irq_claim_unused
 .text.sem_init
                0x10000cf8       0x1e wifi/src/CMakeFiles/wifi_bridge.dir/H_/Metropolia/IOT/Pico/Pico-SDK-v1.5.0/pico-sdk/src/common/pico_sync/sem.c.obj
                0x10000cf8                sem_init
 *fill*         0x10000d16        0x2 
 .text.lock_init
                0x10000d18       0x10 wifi/src/CMakeFiles/wifi_bridge.dir/H_/Metropolia/IOT/Pico/Pico-SDK-v1.5.0/pico-sdk/src/common/pico_sync/lock_core.c.obj
                0x10000d18                lock_init
 .text.mutex_init
                0x10000d28       0x1a wifi/src/CMakeFiles/wifi_bridge.dir/H_/Metropolia/IOT/Pico/Pico-SDK-v1.5.0/pico-sdk/src/common/pico_sync/mutex.c.obj
                0x10000d28                mutex_init
 .text.recursive_mutex_init
                0x10000d42       0x1e wifi/src/CMakeFiles/wifi_bridge.dir/H_/Metropolia/IOT/Pico/Pico-SDK-v1.5.0/pico-sdk/src/common/pico_sync/mutex.c.obj
                0x10000d42                recursive_mutex_init
 .text.alarm_pool_post_alloc_init
                0x10000d60       0x40 wifi/src/CMakeFiles/wifi_bridge.dir/H_/Metropolia/IOT/Pico/Pico-SDK-v1.5.0/pico-sdk/src/common/pico_time/time.c.obj
 .text.sleep_until_callback
                0x10000da0       0x30 wifi/src/CMakeFiles/wifi_bridge.dir/H_/Metropolia/IOT/Pico/Pico-SDK-v1.5.0/pico-sdk/src/common/pico_time/time.c.obj
 .text.timer_pool_entry_comparator
                0x10000dd0       0x7c wifi/src/CMakeFiles/wifi_bridge.dir/H_/Metropolia/IOT/Pico/Pico-SDK-v1.5.0/pico-sdk/src/common/pico_time/time.c.obj
                0x10000dd0                timer_pool_entry_comparator
 .text.ph_add_child_node
                0x10000e4c       0xa4 wifi/src/CMakeFiles/wifi_bridge.dir/H_/Metropolia/IOT/Pico/Pico-SDK-v1.5.0/pico-sdk/src/common/pico_time/time.c.obj
 .text.ph_merge_nodes
                0x10000ef0       0x3e wifi/src/CMakeFiles/wifi_bridge.dir/H_/Metropolia/IOT/Pico/Pico-SDK-v1.5.0/pico-sdk/src/common/pico_time/time.c.obj
 *fill*         0x10000f2e        0x2 
 .text.add_alarm_under_lock
                0x10000f30      0x174 wifi/src/CMakeFiles/wifi_bridge.dir/H_/Metropolia/IOT/Pico/Pico-SDK-v1.5.0/pico-sdk/src/common/pico_time/time.c.obj
 .text.alarm_pool_alarm_callback
                0x100010a4      0x33c wifi/src/CMakeFiles/wifi_bridge.dir/H_/Metropolia/IOT/Pico/Pico-SDK-v1.5.0/pico-sdk/src/common/pico_time/time.c.obj
 .text.alarm_pool_init_default
                0x100013e0       0x40 wifi/src/CMakeFiles/wifi_bridge.dir/H_/Metropolia/IOT/Pico/Pico-SDK-v1.5.0/pico-sdk/src/common/pico_time/time.c.obj
                0x100013e0                alarm_pool_init_default
 .text.alarm_pool_get_default
                0x10001420       0x2c wifi/src/CMakeFiles/wifi_bridge.dir/H_/Metropolia/IOT/Pico/Pico-SDK-v1.5.0/pico-sdk/src/common/pico_time/time.c.obj
                0x10001420                alarm_pool_get_default
 .text.alarm_pool_add_alarm_at
                0x1000144c      0x168 wifi/src/CMakeFiles/wifi_bridge.dir/H_/Metropolia/IOT/Pico/Pico-SDK-v1.5.0/pico-sdk/src/common/pico_time/time.c.obj
                0x1000144c                alarm_pool_add_alarm_at
 .text.alarm_pool_cancel_alarm
                0x100015b4       0xf0 wifi/src/CMakeFiles/wifi_bridge.dir/H_/Metropolia/IOT/Pico/Pico-SDK-v1.5.0/pico-sdk/src/common/pico_time/time.c.obj
                0x100015b4                alarm_pool_cancel_alarm
 .text.alarm_pool_core_num
                0x100016a4        0x4 wifi/src/CMakeFiles/wifi_bridge.dir/H_/Metropolia/IOT/Pico/Pico-SDK-v1.5.0/pico-sdk/src/common/pico_time/time.c.obj
                0x100016a4                alarm_pool_core_num
 .text.sleep_until
                0x100016a8       0xfc wifi/src/CMakeFiles/wifi_bridge.dir/H_/Metropolia/IOT/Pico/Pico-SDK-v1.5.0/pico-sdk/src/common/pico_time/time.c.obj
                0x100016a8                sleep_until
 .text.sleep_us
                0x100017a4       0x58 wifi/src/CMakeFiles/wifi_bridge.dir/H_/Metropolia/IOT/Pico/Pico-SDK-v1.5.0/pico-sdk/src/common/pico_time/time.c.obj
                0x100017a4                sleep_us
 .text.sleep_ms
                0x100017fc       0x14 wifi/src/CMakeFiles/wifi_bridge.dir/H_/Metropolia/IOT/Pico/Pico-SDK-v1.5.0/pico-sdk/src/common/pico_time/time.c.obj
                0x100017fc                sleep_ms
 .text.best_effort_wfe_or_timeout
                0x10001810       0xac wifi/src/CMakeFiles/wifi_bridge.dir/H_/Metropolia/IOT/Pico/Pico-SDK-v1.5.0/pico-sdk/src/common/pico_time/time.c.obj
                0x10001810                best_effort_wfe_or_timeout
 .text.hardware_alarm_irq_handler
                0x100018bc       0x90 wifi/src/CMakeFiles/wifi_bridge.dir/H_/Metropolia/IOT/Pico/Pico-SDK-v1.5.0/pico-sdk/src/rp2_common/hardware_timer/timer.c.obj
 .text.hardware_alarm_claim
                0x1000194c       0x18 wifi/src/CMakeFiles/wifi_bridge.dir/H_/Metropolia/IOT/Pico/Pico-SDK-v1.5.0/pico-sdk/src/rp2_common/hardware_timer/timer.c.obj
                0x1000194c                hardware_alarm_claim
 .text.time_us_64
                0x10001964       0x18 wifi/src/CMakeFiles/wifi_bridge.dir/H_/Metropolia/IOT/Pico/Pico-SDK-v1.5.0/pico-sdk/src/rp2_common/hardware_timer/timer.c.obj
                0x10001964                time_us_64
 .text.busy_wait_until
                0x1000197c       0x28 wifi/src/CMakeFiles/wifi_bridge.dir/H_/Metropolia/IOT/Pico/Pico-SDK-v1.5.0/pico-sdk/src/rp2_common/hardware_timer/timer.c.obj
                0x1000197c                busy_wait_until
 .text.hardware_alarm_set_callback
                0x100019a4       0x90 wifi/src/CMakeFiles/wifi_bridge.dir/H_/Metropolia/IOT/Pico/Pico-SDK-v1.5.0/pico-sdk/src/rp2_common/hardware_timer/timer.c.obj
                0x100019a4                hardware_alarm_set_callback
 .text.hardware_alarm_set_target
                0x10001a34       0xe8 wifi/src/CMakeFiles/wifi_bridge.dir/H_/Metropolia/IOT/Pico/Pico-SDK-v1.5.0/pico-sdk/src/rp2_common/hardware_timer/timer.c.obj
                0x10001a34                hardware_alarm_set_target
 .text.hardware_alarm_cancel
                0x10001b1c       0x40 wifi/src/CMakeFiles/wifi_bridge.dir/H_/Metropolia/IOT/Pico/Pico-SDK-v1.5.0/pico-sdk/src/rp2_common/hardware_timer/timer.c.obj
                0x10001b1c                hardware_alarm_cancel
 .text.ph_add_child_node
                0x10001b5c       0xa4 wifi/src/CMakeFiles/wifi_bridge.dir/H_/Metropolia/IOT/Pico/Pico-SDK-v1.5.0/pico-sdk/src/common/pico_util/pheap.c.obj
 .text.ph_merge_nodes
                0x10001c00       0x3e wifi/src/CMakeFiles/wifi_bridge.dir/H_/Metropolia/IOT/Pico/Pico-SDK-v1.5.0/pico-sdk/src/common/pico_util/pheap.c.obj
 *fill*         0x10001c3e        0x2 
 .text.ph_clear
                0x10001c40       0x70 wifi/src/CMakeFiles/wifi_bridge.dir/H_/Metropolia/IOT/Pico/Pico-SDK-v1.5.0/pico-sdk/src/common/pico_util/pheap.c.obj
                0x10001c40                ph_clear
 .text.ph_post_alloc_init
                0x10001cb0        0xe wifi/src/CMakeFiles/wifi_bridge.dir/H_/Metropolia/IOT/Pico/Pico-SDK-v1.5.0/pico-sdk/src/common/pico_util/pheap.c.obj
                0x10001cb0                ph_post_alloc_init
 *fill*         0x10001cbe        0x2 
 .text.ph_merge_two_pass
                0x10001cc0       0xa8 wifi/src/CMakeFiles/wifi_bridge.dir/H_/Metropolia/IOT/Pico/Pico-SDK-v1.5.0/pico-sdk/src/common/pico_util/pheap.c.obj
                0x10001cc0                ph_merge_two_pass
 .text.ph_remove_any_head
                0x10001d68      0x128 wifi/src/CMakeFiles/wifi_bridge.dir/H_/Metropolia/IOT/Pico/Pico-SDK-v1.5.0/pico-sdk/src/common/pico_util/pheap.c.obj
 .text.ph_remove_head
                0x10001e90       0x14 wifi/src/CMakeFiles/wifi_bridge.dir/H_/Metropolia/IOT/Pico/Pico-SDK-v1.5.0/pico-sdk/src/common/pico_util/pheap.c.obj
                0x10001e90                ph_remove_head
 .text.ph_remove_and_free_node
                0x10001ea4       0xf8 wifi/src/CMakeFiles/wifi_bridge.dir/H_/Metropolia/IOT/Pico/Pico-SDK-v1.5.0/pico-sdk/src/common/pico_util/pheap.c.obj
                0x10001ea4                ph_remove_and_free_node
 .text.uart_set_baudrate
                0x10001f9c       0x5c wifi/src/CMakeFiles/wifi_bridge.dir/H_/Metropolia/IOT/Pico/Pico-SDK-v1.5.0/pico-sdk/src/rp2_common/hardware_uart/uart.c.obj
                0x10001f9c                uart_set_baudrate
 .text.uart_set_translate_crlf
                0x10001ff8       0x28 wifi/src/CMakeFiles/wifi_bridge.dir/H_/Metropolia/IOT/Pico/Pico-SDK-v1.5.0/pico-sdk/src/rp2_common/hardware_uart/uart.c.obj
                0x10001ff8                uart_set_translate_crlf
 .text.uart_init
                0x10002020       0x80 wifi/src/CMakeFiles/wifi_bridge.dir/H_/Metropolia/IOT/Pico/Pico-SDK-v1.5.0/pico-sdk/src/rp2_common/hardware_uart/uart.c.obj
                0x10002020                uart_init
 .text.clock_configure
                0x100020a0      0x104 wifi/src/CMakeFiles/wifi_bridge.dir/H_/Metropolia/IOT/Pico/Pico-SDK-v1.5.0/pico-sdk/src/rp2_common/hardware_clocks/clocks.c.obj
                0x100020a0                clock_configure
 .text.clocks_init
                0x100021a4      0x100 wifi/src/CMakeFiles/wifi_bridge.dir/H_/Metropolia/IOT/Pico/Pico-SDK-v1.5.0/pico-sdk/src/rp2_common/hardware_clocks/clocks.c.obj
                0x100021a4                clocks_init
 .text.clock_get_hz
                0x100022a4        0xc wifi/src/CMakeFiles/wifi_bridge.dir/H_/Metropolia/IOT/Pico/Pico-SDK-v1.5.0/pico-sdk/src/rp2_common/hardware_clocks/clocks.c.obj
                0x100022a4                clock_get_hz
 .text.pll_init
                0x100022b0      0x12c wifi/src/CMakeFiles/wifi_bridge.dir/H_/Metropolia/IOT/Pico/Pico-SDK-v1.5.0/pico-sdk/src/rp2_common/hardware_pll/pll.c.obj
                0x100022b0                pll_init
 .text.watchdog_start_tick
                0x100023dc       0x10 wifi/src/CMakeFiles/wifi_bridge.dir/H_/Metropolia/IOT/Pico/Pico-SDK-v1.5.0/pico-sdk/src/rp2_common/hardware_watchdog/watchdog.c.obj
                0x100023dc                watchdog_start_tick
 .text.xosc_init
                0x100023ec       0x28 wifi/src/CMakeFiles/wifi_bridge.dir/H_/Metropolia/IOT/Pico/Pico-SDK-v1.5.0/pico-sdk/src/rp2_common/hardware_xosc/xosc.c.obj
                0x100023ec                xosc_init
 .text._exit    0x10002414        0x4 wifi/src/CMakeFiles/wifi_bridge.dir/H_/Metropolia/IOT/Pico/Pico-SDK-v1.5.0/pico-sdk/src/rp2_common/pico_runtime/runtime.c.obj
                0x10002414                _exit
 .text.exit     0x10002418        0x6 wifi/src/CMakeFiles/wifi_bridge.dir/H_/Metropolia/IOT/Pico/Pico-SDK-v1.5.0/pico-sdk/src/rp2_common/pico_runtime/runtime.c.obj
                0x10002418                exit
 *fill*         0x1000241e        0x2 
 .text.__assert_func
                0x10002420       0x3c wifi/src/CMakeFiles/wifi_bridge.dir/H_/Metropolia/IOT/Pico/Pico-SDK-v1.5.0/pico-sdk/src/rp2_common/pico_runtime/runtime.c.obj
                0x10002420                __assert_func
 .text.runtime_init
                0x1000245c       0xf8 wifi/src/CMakeFiles/wifi_bridge.dir/H_/Metropolia/IOT/Pico/Pico-SDK-v1.5.0/pico-sdk/src/rp2_common/pico_runtime/runtime.c.obj
                0x1000245c                runtime_init
 .text.panic    0x10002554       0x30 wifi/src/CMakeFiles/wifi_bridge.dir/H_/Metropolia/IOT/Pico/Pico-SDK-v1.5.0/pico-sdk/src/rp2_common/pico_runtime/runtime.c.obj
                0x10002554                panic
 .text.panic_unsupported
                0x10002584        0xc wifi/src/CMakeFiles/wifi_bridge.dir/H_/Metropolia/IOT/Pico/Pico-SDK-v1.5.0/pico-sdk/src/rp2_common/pico_runtime/runtime.c.obj
                0x10002584                panic_unsupported
 .text._out_null
                0x10002590        0x2 wifi/src/CMakeFiles/wifi_bridge.dir/H_/Metropolia/IOT/Pico/Pico-SDK-v1.5.0/pico-sdk/src/rp2_common/pico_printf/printf.c.obj
 .text._out_fct
                0x10002592        0xe wifi/src/CMakeFiles/wifi_bridge.dir/H_/Metropolia/IOT/Pico/Pico-SDK-v1.5.0/pico-sdk/src/rp2_common/pico_printf/printf.c.obj
 .text._atoi    0x100025a0       0x24 wifi/src/CMakeFiles/wifi_bridge.dir/H_/Metropolia/IOT/Pico/Pico-SDK-v1.5.0/pico-sdk/src/rp2_common/pico_printf/printf.c.obj
 .text._out_rev
                0x100025c4       0xae wifi/src/CMakeFiles/wifi_bridge.dir/H_/Metropolia/IOT/Pico/Pico-SDK-v1.5.0/pico-sdk/src/rp2_common/pico_printf/printf.c.obj
 .text._ntoa_format
                0x10002672      0x112 wifi/src/CMakeFiles/wifi_bridge.dir/H_/Metropolia/IOT/Pico/Pico-SDK-v1.5.0/pico-sdk/src/rp2_common/pico_printf/printf.c.obj
 .text._ntoa_long
                0x10002784       0xbc wifi/src/CMakeFiles/wifi_bridge.dir/H_/Metropolia/IOT/Pico/Pico-SDK-v1.5.0/pico-sdk/src/rp2_common/pico_printf/printf.c.obj
 .text._ntoa_long_long
                0x10002840       0xe2 wifi/src/CMakeFiles/wifi_bridge.dir/H_/Metropolia/IOT/Pico/Pico-SDK-v1.5.0/pico-sdk/src/rp2_common/pico_printf/printf.c.obj
 *fill*         0x10002922        0x2 
 .text._etoa    0x10002924      0x414 wifi/src/CMakeFiles/wifi_bridge.dir/H_/Metropolia/IOT/Pico/Pico-SDK-v1.5.0/pico-sdk/src/rp2_common/pico_printf/printf.c.obj
 .text._ftoa    0x10002d38      0x354 wifi/src/CMakeFiles/wifi_bridge.dir/H_/Metropolia/IOT/Pico/Pico-SDK-v1.5.0/pico-sdk/src/rp2_common/pico_printf/printf.c.obj
 .text._vsnprintf
                0x1000308c      0x624 wifi/src/CMakeFiles/wifi_bridge.dir/H_/Metropolia/IOT/Pico/Pico-SDK-v1.5.0/pico-sdk/src/rp2_common/pico_printf/printf.c.obj
 .text.vfctprintf
                0x100036b0       0x20 wifi/src/CMakeFiles/wifi_bridge.dir/H_/Metropolia/IOT/Pico/Pico-SDK-v1.5.0/pico-sdk/src/rp2_common/pico_printf/printf.c.obj
                0x100036b0                vfctprintf
 .text          0x100036d0       0x10 wifi/src/CMakeFiles/wifi_bridge.dir/H_/Metropolia/IOT/Pico/Pico-SDK-v1.5.0/pico-sdk/src/rp2_common/pico_bit_ops/bit_ops_aeabi.S.obj
 .text.ctzsi    0x100036e0        0xc wifi/src/CMakeFiles/wifi_bridge.dir/H_/Metropolia/IOT/Pico/Pico-SDK-v1.5.0/pico-sdk/src/rp2_common/pico_bit_ops/bit_ops_aeabi.S.obj
                0x100036e0                __wrap___ctzsi2
 .text.rom_func_lookup
                0x100036ec       0x10 wifi/src/CMakeFiles/wifi_bridge.dir/H_/Metropolia/IOT/Pico/Pico-SDK-v1.5.0/pico-sdk/src/rp2_common/pico_bootrom/bootrom.c.obj
                0x100036ec                rom_func_lookup
 .text.rom_data_lookup
                0x100036fc       0x10 wifi/src/CMakeFiles/wifi_bridge.dir/H_/Metropolia/IOT/Pico/Pico-SDK-v1.5.0/pico-sdk/src/rp2_common/pico_bootrom/bootrom.c.obj
                0x100036fc                rom_data_lookup
 .text.rom_funcs_lookup
                0x1000370c       0x36 wifi/src/CMakeFiles/wifi_bridge.dir/H_/Metropolia/IOT/Pico/Pico-SDK-v1.5.0/pico-sdk/src/rp2_common/pico_bootrom/bootrom.c.obj
                0x1000370c                rom_funcs_lookup
 *fill*         0x10003742        0x2 
 .text.__wrap___aeabi_idiv
                0x10003744       0x50 wifi/src/CMakeFiles/wifi_bridge.dir/H_/Metropolia/IOT/Pico/Pico-SDK-v1.5.0/pico-sdk/src/rp2_common/pico_divider/divider.S.obj
                0x10003744                __wrap___aeabi_idivmod
                0x10003744                divmod_s32s32
                0x10003744                div_s32s32
                0x10003744                __wrap___aeabi_idiv
                0x1000374c                divmod_s32s32_unsafe
                0x10003778                divmod_s32s32_savestate
 .text.__wrap___aeabi_uidiv
                0x10003794       0x4c wifi/src/CMakeFiles/wifi_bridge.dir/H_/Metropolia/IOT/Pico/Pico-SDK-v1.5.0/pico-sdk/src/rp2_common/pico_divider/divider.S.obj
                0x10003794                __wrap___aeabi_uidiv
                0x10003794                __wrap___aeabi_uidivmod
                0x10003794                div_u32u32
                0x10003794                divmod_u32u32
                0x1000379c                divmod_u32u32_unsafe
                0x100037c4                divmod_u32u32_savestate
 .text.__wrap___aeabi_ldiv
                0x100037e0      0x424 wifi/src/CMakeFiles/wifi_bridge.dir/H_/Metropolia/IOT/Pico/Pico-SDK-v1.5.0/pico-sdk/src/rp2_common/pico_divider/divider.S.obj
                0x100037e0                div_s64s64
                0x100037e0                divmod_s64s64
                0x100037e0                __wrap___aeabi_ldivmod
                0x10003810                divmod_u64u64
                0x10003810                div_u64u64
                0x10003810                __wrap___aeabi_uldivmod
                0x10003820                divmod_u64u64_savestate
                0x10003840                divmod_s64s64_unsafe
                0x100038c8                divmod_u64u64_unsafe
 .text.__wrap___aeabi_darithmetic
                0x10003c04       0x60 wifi/src/CMakeFiles/wifi_bridge.dir/H_/Metropolia/IOT/Pico/Pico-SDK-v1.5.0/pico-sdk/src/rp2_common/pico_double/double_aeabi.S.obj
                0x10003c04                __wrap___aeabi_drsub
                0x10003c0a                __wrap___aeabi_dsub
                0x10003c14                __wrap___aeabi_dadd
                0x10003c1e                __wrap___aeabi_ddiv
                0x10003c52                __wrap___aeabi_dmul
 .text.__wrap___aeabi_cdcmple
                0x10003c64       0x6c wifi/src/CMakeFiles/wifi_bridge.dir/H_/Metropolia/IOT/Pico/Pico-SDK-v1.5.0/pico-sdk/src/rp2_common/pico_double/double_aeabi.S.obj
                0x10003c64                __wrap___aeabi_cdrcmple
                0x10003c74                __wrap___aeabi_cdcmpeq
                0x10003c74                __wrap___aeabi_cdcmple
 .text.__wrap___aeabi_dcmplt
                0x10003cd0        0xc wifi/src/CMakeFiles/wifi_bridge.dir/H_/Metropolia/IOT/Pico/Pico-SDK-v1.5.0/pico-sdk/src/rp2_common/pico_double/double_aeabi.S.obj
                0x10003cd0                __wrap___aeabi_dcmplt
 .text.__wrap___aeabi_dcmple
                0x10003cdc       0x10 wifi/src/CMakeFiles/wifi_bridge.dir/H_/Metropolia/IOT/Pico/Pico-SDK-v1.5.0/pico-sdk/src/rp2_common/pico_double/double_aeabi.S.obj
                0x10003cdc                __wrap___aeabi_dcmple
 .text.__wrap___aeabi_dcmpge
                0x10003cec       0x10 wifi/src/CMakeFiles/wifi_bridge.dir/H_/Metropolia/IOT/Pico/Pico-SDK-v1.5.0/pico-sdk/src/rp2_common/pico_double/double_aeabi.S.obj
                0x10003cec                __wrap___aeabi_dcmpge
 .text.__wrap___aeabi_dcmpgt
                0x10003cfc        0xa wifi/src/CMakeFiles/wifi_bridge.dir/H_/Metropolia/IOT/Pico/Pico-SDK-v1.5.0/pico-sdk/src/rp2_common/pico_double/double_aeabi.S.obj
                0x10003cfc                __wrap___aeabi_dcmpgt
 .text.__wrap___aeabi_dcmpun
                0x10003d06       0x1c wifi/src/CMakeFiles/wifi_bridge.dir/H_/Metropolia/IOT/Pico/Pico-SDK-v1.5.0/pico-sdk/src/rp2_common/pico_double/double_aeabi.S.obj
                0x10003d06                __wrap___aeabi_dcmpun
 *fill*         0x10003d22        0x2 
 .text.__wrap___aeabi_i2d
                0x10003d24       0x38 wifi/src/CMakeFiles/wifi_bridge.dir/H_/Metropolia/IOT/Pico/Pico-SDK-v1.5.0/pico-sdk/src/rp2_common/pico_double/double_aeabi.S.obj
                0x10003d24                __wrap___aeabi_ui2d
                0x10003d2c                __wrap___aeabi_i2d
 .text.__wrap___aeabi_d2iz
                0x10003d5c       0x48 wifi/src/CMakeFiles/wifi_bridge.dir/H_/Metropolia/IOT/Pico/Pico-SDK-v1.5.0/pico-sdk/src/rp2_common/pico_double/double_aeabi.S.obj
                0x10003d5c                double2int_z
                0x10003d5c                __wrap___aeabi_d2iz
 .text.__wrap___aeabi_d2uiz
                0x10003da4       0x10 wifi/src/CMakeFiles/wifi_bridge.dir/H_/Metropolia/IOT/Pico/Pico-SDK-v1.5.0/pico-sdk/src/rp2_common/pico_double/double_aeabi.S.obj
                0x10003da4                __wrap___aeabi_d2uiz
                0x10003da4                double2uint
 .text.missing_double_func_shim
                0x10003db4        0xc wifi/src/CMakeFiles/wifi_bridge.dir/H_/Metropolia/IOT/Pico/Pico-SDK-v1.5.0/pico-sdk/src/rp2_common/pico_double/double_init_rom.c.obj
 .text.__aeabi_double_init
                0x10003dc0       0xcc wifi/src/CMakeFiles/wifi_bridge.dir/H_/Metropolia/IOT/Pico/Pico-SDK-v1.5.0/pico-sdk/src/rp2_common/pico_double/double_init_rom.c.obj
                0x10003dc0                __aeabi_double_init
 .text.double_table_shim_on_use_helper
                0x10003e8c       0x34 wifi/src/CMakeFiles/wifi_bridge.dir/H_/Metropolia/IOT/Pico/Pico-SDK-v1.5.0/pico-sdk/src/rp2_common/pico_double/double_v1_rom_shim.S.obj
                0x10003e8c                double_table_shim_on_use_helper
 .text.__aeabi_lmul
                0x10003ec0       0x32 wifi/src/CMakeFiles/wifi_bridge.dir/H_/Metropolia/IOT/Pico/Pico-SDK-v1.5.0/pico-sdk/src/rp2_common/pico_int64_ops/pico_int64_ops_aeabi.S.obj
                0x10003ec0                __wrap___aeabi_lmul
 *fill*         0x10003ef2        0x2 
 .text.missing_float_func_shim
                0x10003ef4        0xc wifi/src/CMakeFiles/wifi_bridge.dir/H_/Metropolia/IOT/Pico/Pico-SDK-v1.5.0/pico-sdk/src/rp2_common/pico_float/float_init_rom.c.obj
 .text.__aeabi_float_init
                0x10003f00       0x88 wifi/src/CMakeFiles/wifi_bridge.dir/H_/Metropolia/IOT/Pico/Pico-SDK-v1.5.0/pico-sdk/src/rp2_common/pico_float/float_init_rom.c.obj
                0x10003f00                __aeabi_float_init
 .text          0x10003f88       0x10 wifi/src/CMakeFiles/wifi_bridge.dir/H_/Metropolia/IOT/Pico/Pico-SDK-v1.5.0/pico-sdk/src/rp2_common/pico_mem_ops/mem_ops_aeabi.S.obj
                0x10003f88                __aeabi_mem_init
 .text.memset   0x10003f98        0xc wifi/src/CMakeFiles/wifi_bridge.dir/H_/Metropolia/IOT/Pico/Pico-SDK-v1.5.0/pico-sdk/src/rp2_common/pico_mem_ops/mem_ops_aeabi.S.obj
                0x10003f98                __wrap_memset
 .text.memcpy   0x10003fa4        0xc wifi/src/CMakeFiles/wifi_bridge.dir/H_/Metropolia/IOT/Pico/Pico-SDK-v1.5.0/pico-sdk/src/rp2_common/pico_mem_ops/mem_ops_aeabi.S.obj
                0x10003fa4                __wrap_memcpy
                0x10003fa4                __wrap___aeabi_memcpy
 .text.stdio_out_chars_no_crlf
                0x10003fb0        0xe wifi/src/CMakeFiles/wifi_bridge.dir/H_/Metropolia/IOT/Pico/Pico-SDK-v1.5.0/pico-sdk/src/rp2_common/pico_stdio/stdio.c.obj
 *fill*         0x10003fbe        0x2 
 .text.stdio_out_chars_crlf
                0x10003fc0       0x80 wifi/src/CMakeFiles/wifi_bridge.dir/H_/Metropolia/IOT/Pico/Pico-SDK-v1.5.0/pico-sdk/src/rp2_common/pico_stdio/stdio.c.obj
 .text.stdio_stack_buffer_flush
                0x10004040       0x44 wifi/src/CMakeFiles/wifi_bridge.dir/H_/Metropolia/IOT/Pico/Pico-SDK-v1.5.0/pico-sdk/src/rp2_common/pico_stdio/stdio.c.obj
 .text.stdio_buffered_printer
                0x10004084       0x20 wifi/src/CMakeFiles/wifi_bridge.dir/H_/Metropolia/IOT/Pico/Pico-SDK-v1.5.0/pico-sdk/src/rp2_common/pico_stdio/stdio.c.obj
 .text.stdout_serialize_begin
                0x100040a4       0x5c wifi/src/CMakeFiles/wifi_bridge.dir/H_/Metropolia/IOT/Pico/Pico-SDK-v1.5.0/pico-sdk/src/rp2_common/pico_stdio/stdio.c.obj
                0x100040a4                stdout_serialize_begin
 .text.stdout_serialize_end
                0x10004100       0x10 wifi/src/CMakeFiles/wifi_bridge.dir/H_/Metropolia/IOT/Pico/Pico-SDK-v1.5.0/pico-sdk/src/rp2_common/pico_stdio/stdio.c.obj
                0x10004100                stdout_serialize_end
 .text.stdio_put_string
                0x10004110       0x98 wifi/src/CMakeFiles/wifi_bridge.dir/H_/Metropolia/IOT/Pico/Pico-SDK-v1.5.0/pico-sdk/src/rp2_common/pico_stdio/stdio.c.obj
 .text.stdio_set_driver_enabled
                0x100041a8       0x2c wifi/src/CMakeFiles/wifi_bridge.dir/H_/Metropolia/IOT/Pico/Pico-SDK-v1.5.0/pico-sdk/src/rp2_common/pico_stdio/stdio.c.obj
                0x100041a8                stdio_set_driver_enabled
 .text.stdio_flush
                0x100041d4       0x20 wifi/src/CMakeFiles/wifi_bridge.dir/H_/Metropolia/IOT/Pico/Pico-SDK-v1.5.0/pico-sdk/src/rp2_common/pico_stdio/stdio.c.obj
                0x100041d4                stdio_flush
 .text.__wrap_puts
                0x100041f4       0x1e wifi/src/CMakeFiles/wifi_bridge.dir/H_/Metropolia/IOT/Pico/Pico-SDK-v1.5.0/pico-sdk/src/rp2_common/pico_stdio/stdio.c.obj
                0x100041f4                __wrap_puts
 *fill*         0x10004212        0x2 
 .text.__wrap_vprintf
                0x10004214       0x40 wifi/src/CMakeFiles/wifi_bridge.dir/H_/Metropolia/IOT/Pico/Pico-SDK-v1.5.0/pico-sdk/src/rp2_common/pico_stdio/stdio.c.obj
                0x10004214                __wrap_vprintf
 .text.__wrap_printf
                0x10004254       0x18 wifi/src/CMakeFiles/wifi_bridge.dir/H_/Metropolia/IOT/Pico/Pico-SDK-v1.5.0/pico-sdk/src/rp2_common/pico_stdio/stdio.c.obj
                0x10004254                __wrap_printf
 .text.stdio_init_all
                0x1000426c        0xa wifi/src/CMakeFiles/wifi_bridge.dir/H_/Metropolia/IOT/Pico/Pico-SDK-v1.5.0/pico-sdk/src/rp2_common/pico_stdio/stdio.c.obj
                0x1000426c                stdio_init_all
 *fill*         0x10004276        0x2 
 .text.stdio_uart_out_chars
                0x10004278       0x74 wifi/src/CMakeFiles/wifi_bridge.dir/H_/Metropolia/IOT/Pico/Pico-SDK-v1.5.0/pico-sdk/src/rp2_common/pico_stdio_uart/stdio_uart.c.obj
 .text.stdio_uart_in_chars
                0x100042ec       0x80 wifi/src/CMakeFiles/wifi_bridge.dir/H_/Metropolia/IOT/Pico/Pico-SDK-v1.5.0/pico-sdk/src/rp2_common/pico_stdio_uart/stdio_uart.c.obj
                0x100042ec                stdio_uart_in_chars
 .text.on_uart_rx
                0x1000436c       0x28 wifi/src/CMakeFiles/wifi_bridge.dir/H_/Metropolia/IOT/Pico/Pico-SDK-v1.5.0/pico-sdk/src/rp2_common/pico_stdio_uart/stdio_uart.c.obj
 .text.stdio_uart_set_chars_available_callback
                0x10004394       0x8c wifi/src/CMakeFiles/wifi_bridge.dir/H_/Metropolia/IOT/Pico/Pico-SDK-v1.5.0/pico-sdk/src/rp2_common/pico_stdio_uart/stdio_uart.c.obj
 .text.stdio_uart_init_full
                0x10004420       0x44 wifi/src/CMakeFiles/wifi_bridge.dir/H_/Metropolia/IOT/Pico/Pico-SDK-v1.5.0/pico-sdk/src/rp2_common/pico_stdio_uart/stdio_uart.c.obj
                0x10004420                stdio_uart_init_full
 .text.stdio_uart_init
                0x10004464       0x28 wifi/src/CMakeFiles/wifi_bridge.dir/H_/Metropolia/IOT/Pico/Pico-SDK-v1.5.0/pico-sdk/src/rp2_common/pico_stdio_uart/stdio_uart.c.obj
                0x10004464                stdio_uart_init
 .text.lwip_timeout_reached
                0x1000448c       0x2c wifi/src/CMakeFiles/wifi_bridge.dir/H_/Metropolia/IOT/Pico/Pico-SDK-v1.5.0/pico-sdk/src/rp2_common/pico_lwip/lwip_nosys.c.obj
 .text.update_next_timeout
                0x100044b8       0xb0 wifi/src/CMakeFiles/wifi_bridge.dir/H_/Metropolia/IOT/Pico/Pico-SDK-v1.5.0/pico-sdk/src/rp2_common/pico_lwip/lwip_nosys.c.obj
 .text.lwip_nosys_init
                0x10004568       0x34 wifi/src/CMakeFiles/wifi_bridge.dir/H_/Metropolia/IOT/Pico/Pico-SDK-v1.5.0/pico-sdk/src/rp2_common/pico_lwip/lwip_nosys.c.obj
                0x10004568                lwip_nosys_init
 .text.lwip_nosys_deinit
                0x1000459c       0x20 wifi/src/CMakeFiles/wifi_bridge.dir/H_/Metropolia/IOT/Pico/Pico-SDK-v1.5.0/pico-sdk/src/rp2_common/pico_lwip/lwip_nosys.c.obj
                0x1000459c                lwip_nosys_deinit
 .text.sys_arch_protect
                0x100045bc        0x4 wifi/src/CMakeFiles/wifi_bridge.dir/H_/Metropolia/IOT/Pico/Pico-SDK-v1.5.0/pico-sdk/src/rp2_common/pico_lwip/lwip_nosys.c.obj
                0x100045bc                sys_arch_protect
 .text.sys_arch_unprotect
                0x100045c0        0x2 wifi/src/CMakeFiles/wifi_bridge.dir/H_/Metropolia/IOT/Pico/Pico-SDK-v1.5.0/pico-sdk/src/rp2_common/pico_lwip/lwip_nosys.c.obj
                0x100045c0                sys_arch_unprotect
 *fill*         0x100045c2        0x2 
 .text.sys_now  0x100045c4       0x3c wifi/src/CMakeFiles/wifi_bridge.dir/H_/Metropolia/IOT/Pico/Pico-SDK-v1.5.0/pico-sdk/src/rp2_common/pico_lwip/lwip_nosys.c.obj
                0x100045c4                sys_now
 .text.async_context_base_add_at_time_worker
                0x10004600       0x1c wifi/src/CMakeFiles/wifi_bridge.dir/H_/Metropolia/IOT/Pico/Pico-SDK-v1.5.0/pico-sdk/src/rp2_common/pico_async_context/async_context_base.c.obj
                0x10004600                async_context_base_add_at_time_worker
 .text.async_context_base_remove_at_time_worker
                0x1000461c       0x1c wifi/src/CMakeFiles/wifi_bridge.dir/H_/Metropolia/IOT/Pico/Pico-SDK-v1.5.0/pico-sdk/src/rp2_common/pico_async_context/async_context_base.c.obj
                0x1000461c                async_context_base_remove_at_time_worker
 .text.async_context_base_add_when_pending_worker
                0x10004638       0x1c wifi/src/CMakeFiles/wifi_bridge.dir/H_/Metropolia/IOT/Pico/Pico-SDK-v1.5.0/pico-sdk/src/rp2_common/pico_async_context/async_context_base.c.obj
                0x10004638                async_context_base_add_when_pending_worker
 .text.async_context_base_remove_when_pending_worker
                0x10004654       0x1c wifi/src/CMakeFiles/wifi_bridge.dir/H_/Metropolia/IOT/Pico/Pico-SDK-v1.5.0/pico-sdk/src/rp2_common/pico_async_context/async_context_base.c.obj
                0x10004654                async_context_base_remove_when_pending_worker
 .text.async_context_base_remove_ready_at_time_worker
                0x10004670       0x94 wifi/src/CMakeFiles/wifi_bridge.dir/H_/Metropolia/IOT/Pico/Pico-SDK-v1.5.0/pico-sdk/src/rp2_common/pico_async_context/async_context_base.c.obj
                0x10004670                async_context_base_remove_ready_at_time_worker
 .text.async_context_base_refresh_next_timeout
                0x10004704       0x4c wifi/src/CMakeFiles/wifi_bridge.dir/H_/Metropolia/IOT/Pico/Pico-SDK-v1.5.0/pico-sdk/src/rp2_common/pico_async_context/async_context_base.c.obj
                0x10004704                async_context_base_refresh_next_timeout
 .text.async_context_base_execute_once
                0x10004750       0x48 wifi/src/CMakeFiles/wifi_bridge.dir/H_/Metropolia/IOT/Pico/Pico-SDK-v1.5.0/pico-sdk/src/rp2_common/pico_async_context/async_context_base.c.obj
                0x10004750                async_context_base_execute_once
 .text.splitmix64
                0x10004798       0x5c wifi/src/CMakeFiles/wifi_bridge.dir/H_/Metropolia/IOT/Pico/Pico-SDK-v1.5.0/pico-sdk/src/rp2_common/pico_rand/rand.c.obj
 .text.sdbm_hash64_sram
                0x100047f4       0x64 wifi/src/CMakeFiles/wifi_bridge.dir/H_/Metropolia/IOT/Pico/Pico-SDK-v1.5.0/pico-sdk/src/rp2_common/pico_rand/rand.c.obj
 .text.xoroshiro128ss
                0x10004858       0xb8 wifi/src/CMakeFiles/wifi_bridge.dir/H_/Metropolia/IOT/Pico/Pico-SDK-v1.5.0/pico-sdk/src/rp2_common/pico_rand/rand.c.obj
 .text.capture_additional_rosc_samples
                0x10004910      0x1a4 wifi/src/CMakeFiles/wifi_bridge.dir/H_/Metropolia/IOT/Pico/Pico-SDK-v1.5.0/pico-sdk/src/rp2_common/pico_rand/rand.c.obj
 .text.initialise_rand
                0x10004ab4      0x118 wifi/src/CMakeFiles/wifi_bridge.dir/H_/Metropolia/IOT/Pico/Pico-SDK-v1.5.0/pico-sdk/src/rp2_common/pico_rand/rand.c.obj
 .text.get_rand_64
                0x10004bcc      0x11c wifi/src/CMakeFiles/wifi_bridge.dir/H_/Metropolia/IOT/Pico/Pico-SDK-v1.5.0/pico-sdk/src/rp2_common/pico_rand/rand.c.obj
                0x10004bcc                get_rand_64
 .text.get_rand_32
                0x10004ce8        0x8 wifi/src/CMakeFiles/wifi_bridge.dir/H_/Metropolia/IOT/Pico/Pico-SDK-v1.5.0/pico-sdk/src/rp2_common/pico_rand/rand.c.obj
                0x10004ce8                get_rand_32
 .text._retrieve_unique_id_on_boot
                0x10004cf0       0x10 wifi/src/CMakeFiles/wifi_bridge.dir/H_/Metropolia/IOT/Pico/Pico-SDK-v1.5.0/pico-sdk/src/rp2_common/pico_unique_id/unique_id.c.obj
 .text.pico_get_unique_board_id
                0x10004d00       0x10 wifi/src/CMakeFiles/wifi_bridge.dir/H_/Metropolia/IOT/Pico/Pico-SDK-v1.5.0/pico-sdk/src/rp2_common/pico_unique_id/unique_id.c.obj
                0x10004d00                pico_get_unique_board_id
 .text.flash_get_unique_id
                0x10004d10       0x46 wifi/src/CMakeFiles/wifi_bridge.dir/H_/Metropolia/IOT/Pico/Pico-SDK-v1.5.0/pico-sdk/src/rp2_common/hardware_flash/flash.c.obj
                0x10004d10                flash_get_unique_id
 .text.lwip_init
                0x10004d56       0x24 wifi/src/CMakeFiles/wifi_bridge.dir/H_/Metropolia/IOT/Pico/Pico-SDK-v1.5.0/pico-sdk/lib/lwip/src/core/init.c.obj
                0x10004d56                lwip_init
 .text.lwip_htons
                0x10004d7a        0xa wifi/src/CMakeFiles/wifi_bridge.dir/H_/Metropolia/IOT/Pico/Pico-SDK-v1.5.0/pico-sdk/lib/lwip/src/core/def.c.obj
                0x10004d7a                lwip_htons
 .text.lwip_htonl
                0x10004d84       0x1c wifi/src/CMakeFiles/wifi_bridge.dir/H_/Metropolia/IOT/Pico/Pico-SDK-v1.5.0/pico-sdk/lib/lwip/src/core/def.c.obj
                0x10004d84                lwip_htonl
 .text.dns_backupserver_available
                0x10004da0       0x28 wifi/src/CMakeFiles/wifi_bridge.dir/H_/Metropolia/IOT/Pico/Pico-SDK-v1.5.0/pico-sdk/lib/lwip/src/core/dns.c.obj
 .text.dns_create_txid
                0x10004dc8       0x3c wifi/src/CMakeFiles/wifi_bridge.dir/H_/Metropolia/IOT/Pico/Pico-SDK-v1.5.0/pico-sdk/lib/lwip/src/core/dns.c.obj
 .text.dns_call_found
                0x10004e04       0xf4 wifi/src/CMakeFiles/wifi_bridge.dir/H_/Metropolia/IOT/Pico/Pico-SDK-v1.5.0/pico-sdk/lib/lwip/src/core/dns.c.obj
 .text.dns_send
                0x10004ef8      0x178 wifi/src/CMakeFiles/wifi_bridge.dir/H_/Metropolia/IOT/Pico/Pico-SDK-v1.5.0/pico-sdk/lib/lwip/src/core/dns.c.obj
 .text.dns_check_entry
                0x10005070      0x11c wifi/src/CMakeFiles/wifi_bridge.dir/H_/Metropolia/IOT/Pico/Pico-SDK-v1.5.0/pico-sdk/lib/lwip/src/core/dns.c.obj
 .text.dns_check_entries
                0x1000518c       0x16 wifi/src/CMakeFiles/wifi_bridge.dir/H_/Metropolia/IOT/Pico/Pico-SDK-v1.5.0/pico-sdk/lib/lwip/src/core/dns.c.obj
 .text.dns_init
                0x100051a2        0x2 wifi/src/CMakeFiles/wifi_bridge.dir/H_/Metropolia/IOT/Pico/Pico-SDK-v1.5.0/pico-sdk/lib/lwip/src/core/dns.c.obj
                0x100051a2                dns_init
 .text.dns_setserver
                0x100051a4       0x28 wifi/src/CMakeFiles/wifi_bridge.dir/H_/Metropolia/IOT/Pico/Pico-SDK-v1.5.0/pico-sdk/lib/lwip/src/core/dns.c.obj
                0x100051a4                dns_setserver
 .text.dns_tmr  0x100051cc        0x8 wifi/src/CMakeFiles/wifi_bridge.dir/H_/Metropolia/IOT/Pico/Pico-SDK-v1.5.0/pico-sdk/lib/lwip/src/core/dns.c.obj
                0x100051cc                dns_tmr
 .text.lwip_standard_chksum
                0x100051d4       0xac wifi/src/CMakeFiles/wifi_bridge.dir/H_/Metropolia/IOT/Pico/Pico-SDK-v1.5.0/pico-sdk/lib/lwip/src/core/inet_chksum.c.obj
                0x100051d4                lwip_standard_chksum
 .text.inet_cksum_pseudo_base
                0x10005280       0x7c wifi/src/CMakeFiles/wifi_bridge.dir/H_/Metropolia/IOT/Pico/Pico-SDK-v1.5.0/pico-sdk/lib/lwip/src/core/inet_chksum.c.obj
 .text.inet_chksum_pseudo
                0x100052fc       0x30 wifi/src/CMakeFiles/wifi_bridge.dir/H_/Metropolia/IOT/Pico/Pico-SDK-v1.5.0/pico-sdk/lib/lwip/src/core/inet_chksum.c.obj
                0x100052fc                inet_chksum_pseudo
 .text.ip_chksum_pseudo
                0x1000532c       0x10 wifi/src/CMakeFiles/wifi_bridge.dir/H_/Metropolia/IOT/Pico/Pico-SDK-v1.5.0/pico-sdk/lib/lwip/src/core/inet_chksum.c.obj
                0x1000532c                ip_chksum_pseudo
 .text.inet_chksum
                0x1000533c        0xc wifi/src/CMakeFiles/wifi_bridge.dir/H_/Metropolia/IOT/Pico/Pico-SDK-v1.5.0/pico-sdk/lib/lwip/src/core/inet_chksum.c.obj
                0x1000533c                inet_chksum
 .text.inet_chksum_pbuf
                0x10005348       0x52 wifi/src/CMakeFiles/wifi_bridge.dir/H_/Metropolia/IOT/Pico/Pico-SDK-v1.5.0/pico-sdk/lib/lwip/src/core/inet_chksum.c.obj
                0x10005348                inet_chksum_pbuf
 *fill*         0x1000539a        0x2 
 .text.ptr_to_mem
                0x1000539c        0xc wifi/src/CMakeFiles/wifi_bridge.dir/H_/Metropolia/IOT/Pico/Pico-SDK-v1.5.0/pico-sdk/lib/lwip/src/core/mem.c.obj
 .text.mem_to_ptr
                0x100053a8       0x10 wifi/src/CMakeFiles/wifi_bridge.dir/H_/Metropolia/IOT/Pico/Pico-SDK-v1.5.0/pico-sdk/lib/lwip/src/core/mem.c.obj
 .text.mem_link_valid
                0x100053b8       0x5c wifi/src/CMakeFiles/wifi_bridge.dir/H_/Metropolia/IOT/Pico/Pico-SDK-v1.5.0/pico-sdk/lib/lwip/src/core/mem.c.obj
 .text.plug_holes
                0x10005414       0xd4 wifi/src/CMakeFiles/wifi_bridge.dir/H_/Metropolia/IOT/Pico/Pico-SDK-v1.5.0/pico-sdk/lib/lwip/src/core/mem.c.obj
 .text.mem_init
                0x100054e8       0x44 wifi/src/CMakeFiles/wifi_bridge.dir/H_/Metropolia/IOT/Pico/Pico-SDK-v1.5.0/pico-sdk/lib/lwip/src/core/mem.c.obj
                0x100054e8                mem_init
 .text.mem_free
                0x1000552c       0x84 wifi/src/CMakeFiles/wifi_bridge.dir/H_/Metropolia/IOT/Pico/Pico-SDK-v1.5.0/pico-sdk/lib/lwip/src/core/mem.c.obj
                0x1000552c                mem_free
 .text.mem_trim
                0x100055b0      0x134 wifi/src/CMakeFiles/wifi_bridge.dir/H_/Metropolia/IOT/Pico/Pico-SDK-v1.5.0/pico-sdk/lib/lwip/src/core/mem.c.obj
                0x100055b0                mem_trim
 .text.mem_malloc
                0x100056e4      0x134 wifi/src/CMakeFiles/wifi_bridge.dir/H_/Metropolia/IOT/Pico/Pico-SDK-v1.5.0/pico-sdk/lib/lwip/src/core/mem.c.obj
                0x100056e4                mem_malloc
 .text.do_memp_malloc_pool
                0x10005818       0x30 wifi/src/CMakeFiles/wifi_bridge.dir/H_/Metropolia/IOT/Pico/Pico-SDK-v1.5.0/pico-sdk/lib/lwip/src/core/memp.c.obj
 .text.do_memp_free_pool
                0x10005848       0x28 wifi/src/CMakeFiles/wifi_bridge.dir/H_/Metropolia/IOT/Pico/Pico-SDK-v1.5.0/pico-sdk/lib/lwip/src/core/memp.c.obj
 .text.memp_init_pool
                0x10005870       0x2a wifi/src/CMakeFiles/wifi_bridge.dir/H_/Metropolia/IOT/Pico/Pico-SDK-v1.5.0/pico-sdk/lib/lwip/src/core/memp.c.obj
                0x10005870                memp_init_pool
 *fill*         0x1000589a        0x2 
 .text.memp_init
                0x1000589c       0x20 wifi/src/CMakeFiles/wifi_bridge.dir/H_/Metropolia/IOT/Pico/Pico-SDK-v1.5.0/pico-sdk/lib/lwip/src/core/memp.c.obj
                0x1000589c                memp_init
 .text.memp_malloc
                0x100058bc       0x24 wifi/src/CMakeFiles/wifi_bridge.dir/H_/Metropolia/IOT/Pico/Pico-SDK-v1.5.0/pico-sdk/lib/lwip/src/core/memp.c.obj
                0x100058bc                memp_malloc
 .text.memp_free
                0x100058e0       0x28 wifi/src/CMakeFiles/wifi_bridge.dir/H_/Metropolia/IOT/Pico/Pico-SDK-v1.5.0/pico-sdk/lib/lwip/src/core/memp.c.obj
                0x100058e0                memp_free
 .text.netif_do_set_netmask
                0x10005908       0x1a wifi/src/CMakeFiles/wifi_bridge.dir/H_/Metropolia/IOT/Pico/Pico-SDK-v1.5.0/pico-sdk/lib/lwip/src/core/netif.c.obj
 .text.netif_do_set_gw
                0x10005922       0x1a wifi/src/CMakeFiles/wifi_bridge.dir/H_/Metropolia/IOT/Pico/Pico-SDK-v1.5.0/pico-sdk/lib/lwip/src/core/netif.c.obj
 .text.netif_null_output_ip4
                0x1000593c        0x6 wifi/src/CMakeFiles/wifi_bridge.dir/H_/Metropolia/IOT/Pico/Pico-SDK-v1.5.0/pico-sdk/lib/lwip/src/core/netif.c.obj
 .text.netif_do_ip_addr_changed
                0x10005942       0x1c wifi/src/CMakeFiles/wifi_bridge.dir/H_/Metropolia/IOT/Pico/Pico-SDK-v1.5.0/pico-sdk/lib/lwip/src/core/netif.c.obj
 *fill*         0x1000595e        0x2 
 .text.netif_issue_reports
                0x10005960       0x34 wifi/src/CMakeFiles/wifi_bridge.dir/H_/Metropolia/IOT/Pico/Pico-SDK-v1.5.0/pico-sdk/lib/lwip/src/core/netif.c.obj
 .text.netif_do_set_ipaddr
                0x10005994       0x54 wifi/src/CMakeFiles/wifi_bridge.dir/H_/Metropolia/IOT/Pico/Pico-SDK-v1.5.0/pico-sdk/lib/lwip/src/core/netif.c.obj
 .text.netif_init
                0x100059e8        0x2 wifi/src/CMakeFiles/wifi_bridge.dir/H_/Metropolia/IOT/Pico/Pico-SDK-v1.5.0/pico-sdk/lib/lwip/src/core/netif.c.obj
                0x100059e8                netif_init
 *fill*         0x100059ea        0x2 
 .text.netif_set_addr
                0x100059ec       0x78 wifi/src/CMakeFiles/wifi_bridge.dir/H_/Metropolia/IOT/Pico/Pico-SDK-v1.5.0/pico-sdk/lib/lwip/src/core/netif.c.obj
                0x100059ec                netif_set_addr
 .text.netif_add
                0x10005a64      0x124 wifi/src/CMakeFiles/wifi_bridge.dir/H_/Metropolia/IOT/Pico/Pico-SDK-v1.5.0/pico-sdk/lib/lwip/src/core/netif.c.obj
                0x10005a64                netif_add
 .text.netif_set_default
                0x10005b88        0xc wifi/src/CMakeFiles/wifi_bridge.dir/H_/Metropolia/IOT/Pico/Pico-SDK-v1.5.0/pico-sdk/lib/lwip/src/core/netif.c.obj
                0x10005b88                netif_set_default
 .text.netif_set_up
                0x10005b94       0x34 wifi/src/CMakeFiles/wifi_bridge.dir/H_/Metropolia/IOT/Pico/Pico-SDK-v1.5.0/pico-sdk/lib/lwip/src/core/netif.c.obj
                0x10005b94                netif_set_up
 .text.netif_set_down
                0x10005bc8       0x38 wifi/src/CMakeFiles/wifi_bridge.dir/H_/Metropolia/IOT/Pico/Pico-SDK-v1.5.0/pico-sdk/lib/lwip/src/core/netif.c.obj
                0x10005bc8                netif_set_down
 .text.netif_remove
                0x10005c00       0x64 wifi/src/CMakeFiles/wifi_bridge.dir/H_/Metropolia/IOT/Pico/Pico-SDK-v1.5.0/pico-sdk/lib/lwip/src/core/netif.c.obj
                0x10005c00                netif_remove
 .text.netif_set_link_up
                0x10005c64       0x3c wifi/src/CMakeFiles/wifi_bridge.dir/H_/Metropolia/IOT/Pico/Pico-SDK-v1.5.0/pico-sdk/lib/lwip/src/core/netif.c.obj
                0x10005c64                netif_set_link_up
 .text.netif_set_link_down
                0x10005ca0       0x2c wifi/src/CMakeFiles/wifi_bridge.dir/H_/Metropolia/IOT/Pico/Pico-SDK-v1.5.0/pico-sdk/lib/lwip/src/core/netif.c.obj
                0x10005ca0                netif_set_link_down
 .text.netif_get_by_index
                0x10005ccc       0x24 wifi/src/CMakeFiles/wifi_bridge.dir/H_/Metropolia/IOT/Pico/Pico-SDK-v1.5.0/pico-sdk/lib/lwip/src/core/netif.c.obj
                0x10005ccc                netif_get_by_index
 .text.pbuf_init_alloced_pbuf
                0x10005cf0       0x20 wifi/src/CMakeFiles/wifi_bridge.dir/H_/Metropolia/IOT/Pico/Pico-SDK-v1.5.0/pico-sdk/lib/lwip/src/core/pbuf.c.obj
 .text.pbuf_skip_const
                0x10005d10       0x1a wifi/src/CMakeFiles/wifi_bridge.dir/H_/Metropolia/IOT/Pico/Pico-SDK-v1.5.0/pico-sdk/lib/lwip/src/core/pbuf.c.obj
 *fill*         0x10005d2a        0x2 
 .text.pbuf_pool_is_empty
                0x10005d2c       0x18 wifi/src/CMakeFiles/wifi_bridge.dir/H_/Metropolia/IOT/Pico/Pico-SDK-v1.5.0/pico-sdk/lib/lwip/src/core/pbuf.c.obj
 .text.pbuf_add_header_impl
                0x10005d44       0x68 wifi/src/CMakeFiles/wifi_bridge.dir/H_/Metropolia/IOT/Pico/Pico-SDK-v1.5.0/pico-sdk/lib/lwip/src/core/pbuf.c.obj
 .text.pbuf_free_ooseq
                0x10005dac       0x30 wifi/src/CMakeFiles/wifi_bridge.dir/H_/Metropolia/IOT/Pico/Pico-SDK-v1.5.0/pico-sdk/lib/lwip/src/core/pbuf.c.obj
                0x10005dac                pbuf_free_ooseq
 .text.pbuf_alloc_reference
                0x10005ddc       0x3c wifi/src/CMakeFiles/wifi_bridge.dir/H_/Metropolia/IOT/Pico/Pico-SDK-v1.5.0/pico-sdk/lib/lwip/src/core/pbuf.c.obj
                0x10005ddc                pbuf_alloc_reference
 .text.pbuf_add_header
                0x10005e18        0xa wifi/src/CMakeFiles/wifi_bridge.dir/H_/Metropolia/IOT/Pico/Pico-SDK-v1.5.0/pico-sdk/lib/lwip/src/core/pbuf.c.obj
                0x10005e18                pbuf_add_header
 *fill*         0x10005e22        0x2 
 .text.pbuf_remove_header
                0x10005e24       0x50 wifi/src/CMakeFiles/wifi_bridge.dir/H_/Metropolia/IOT/Pico/Pico-SDK-v1.5.0/pico-sdk/lib/lwip/src/core/pbuf.c.obj
                0x10005e24                pbuf_remove_header
 .text.pbuf_header_impl
                0x10005e74       0x14 wifi/src/CMakeFiles/wifi_bridge.dir/H_/Metropolia/IOT/Pico/Pico-SDK-v1.5.0/pico-sdk/lib/lwip/src/core/pbuf.c.obj
 .text.pbuf_header_force
                0x10005e88        0xa wifi/src/CMakeFiles/wifi_bridge.dir/H_/Metropolia/IOT/Pico/Pico-SDK-v1.5.0/pico-sdk/lib/lwip/src/core/pbuf.c.obj
                0x10005e88                pbuf_header_force
 *fill*         0x10005e92        0x2 
 .text.pbuf_free
                0x10005e94       0x7c wifi/src/CMakeFiles/wifi_bridge.dir/H_/Metropolia/IOT/Pico/Pico-SDK-v1.5.0/pico-sdk/lib/lwip/src/core/pbuf.c.obj
                0x10005e94                pbuf_free
 .text.pbuf_alloc
                0x10005f10      0x148 wifi/src/CMakeFiles/wifi_bridge.dir/H_/Metropolia/IOT/Pico/Pico-SDK-v1.5.0/pico-sdk/lib/lwip/src/core/pbuf.c.obj
                0x10005f10                pbuf_alloc
 .text.pbuf_realloc
                0x10006058       0x84 wifi/src/CMakeFiles/wifi_bridge.dir/H_/Metropolia/IOT/Pico/Pico-SDK-v1.5.0/pico-sdk/lib/lwip/src/core/pbuf.c.obj
                0x10006058                pbuf_realloc
 .text.pbuf_clen
                0x100060dc       0x12 wifi/src/CMakeFiles/wifi_bridge.dir/H_/Metropolia/IOT/Pico/Pico-SDK-v1.5.0/pico-sdk/lib/lwip/src/core/pbuf.c.obj
                0x100060dc                pbuf_clen
 *fill*         0x100060ee        0x2 
 .text.pbuf_ref
                0x100060f0       0x28 wifi/src/CMakeFiles/wifi_bridge.dir/H_/Metropolia/IOT/Pico/Pico-SDK-v1.5.0/pico-sdk/lib/lwip/src/core/pbuf.c.obj
                0x100060f0                pbuf_ref
 .text.pbuf_cat
                0x10006118       0x44 wifi/src/CMakeFiles/wifi_bridge.dir/H_/Metropolia/IOT/Pico/Pico-SDK-v1.5.0/pico-sdk/lib/lwip/src/core/pbuf.c.obj
                0x10006118                pbuf_cat
 .text.pbuf_chain
                0x1000615c       0x10 wifi/src/CMakeFiles/wifi_bridge.dir/H_/Metropolia/IOT/Pico/Pico-SDK-v1.5.0/pico-sdk/lib/lwip/src/core/pbuf.c.obj
                0x1000615c                pbuf_chain
 .text.pbuf_copy_partial_pbuf
                0x1000616c      0x13c wifi/src/CMakeFiles/wifi_bridge.dir/H_/Metropolia/IOT/Pico/Pico-SDK-v1.5.0/pico-sdk/lib/lwip/src/core/pbuf.c.obj
                0x1000616c                pbuf_copy_partial_pbuf
 .text.pbuf_copy
                0x100062a8       0x20 wifi/src/CMakeFiles/wifi_bridge.dir/H_/Metropolia/IOT/Pico/Pico-SDK-v1.5.0/pico-sdk/lib/lwip/src/core/pbuf.c.obj
                0x100062a8                pbuf_copy
 .text.pbuf_copy_partial
                0x100062c8       0x90 wifi/src/CMakeFiles/wifi_bridge.dir/H_/Metropolia/IOT/Pico/Pico-SDK-v1.5.0/pico-sdk/lib/lwip/src/core/pbuf.c.obj
                0x100062c8                pbuf_copy_partial
 .text.pbuf_skip
                0x10006358        0x8 wifi/src/CMakeFiles/wifi_bridge.dir/H_/Metropolia/IOT/Pico/Pico-SDK-v1.5.0/pico-sdk/lib/lwip/src/core/pbuf.c.obj
                0x10006358                pbuf_skip
 .text.pbuf_take
                0x10006360       0x98 wifi/src/CMakeFiles/wifi_bridge.dir/H_/Metropolia/IOT/Pico/Pico-SDK-v1.5.0/pico-sdk/lib/lwip/src/core/pbuf.c.obj
                0x10006360                pbuf_take
 .text.pbuf_take_at
                0x100063f8       0x70 wifi/src/CMakeFiles/wifi_bridge.dir/H_/Metropolia/IOT/Pico/Pico-SDK-v1.5.0/pico-sdk/lib/lwip/src/core/pbuf.c.obj
                0x100063f8                pbuf_take_at
 .text.pbuf_clone
                0x10006468       0x2c wifi/src/CMakeFiles/wifi_bridge.dir/H_/Metropolia/IOT/Pico/Pico-SDK-v1.5.0/pico-sdk/lib/lwip/src/core/pbuf.c.obj
                0x10006468                pbuf_clone
 .text.pbuf_put_at
                0x10006494       0x26 wifi/src/CMakeFiles/wifi_bridge.dir/H_/Metropolia/IOT/Pico/Pico-SDK-v1.5.0/pico-sdk/lib/lwip/src/core/pbuf.c.obj
                0x10006494                pbuf_put_at
 *fill*         0x100064ba        0x2 
 .text.raw_input_local_match
                0x100064bc       0x5c wifi/src/CMakeFiles/wifi_bridge.dir/H_/Metropolia/IOT/Pico/Pico-SDK-v1.5.0/pico-sdk/lib/lwip/src/core/raw.c.obj
 .text.raw_input
                0x10006518       0xb0 wifi/src/CMakeFiles/wifi_bridge.dir/H_/Metropolia/IOT/Pico/Pico-SDK-v1.5.0/pico-sdk/lib/lwip/src/core/raw.c.obj
                0x10006518                raw_input
 .text.raw_netif_ip_addr_changed
                0x100065c8       0x38 wifi/src/CMakeFiles/wifi_bridge.dir/H_/Metropolia/IOT/Pico/Pico-SDK-v1.5.0/pico-sdk/lib/lwip/src/core/raw.c.obj
                0x100065c8                raw_netif_ip_addr_changed
 .text.stats_init
                0x10006600        0x2 wifi/src/CMakeFiles/wifi_bridge.dir/H_/Metropolia/IOT/Pico/Pico-SDK-v1.5.0/pico-sdk/lib/lwip/src/core/stats.c.obj
                0x10006600                stats_init
 *fill*         0x10006602        0x2 
 .text.tcp_remove_listener
                0x10006604       0x24 wifi/src/CMakeFiles/wifi_bridge.dir/H_/Metropolia/IOT/Pico/Pico-SDK-v1.5.0/pico-sdk/lib/lwip/src/core/tcp.c.obj
 .text.tcp_listen_closed
                0x10006628       0x40 wifi/src/CMakeFiles/wifi_bridge.dir/H_/Metropolia/IOT/Pico/Pico-SDK-v1.5.0/pico-sdk/lib/lwip/src/core/tcp.c.obj
 .text.tcp_free_listen
                0x10006668       0x1c wifi/src/CMakeFiles/wifi_bridge.dir/H_/Metropolia/IOT/Pico/Pico-SDK-v1.5.0/pico-sdk/lib/lwip/src/core/tcp.c.obj
 .text.tcp_close_shutdown_fin
                0x10006684       0x68 wifi/src/CMakeFiles/wifi_bridge.dir/H_/Metropolia/IOT/Pico/Pico-SDK-v1.5.0/pico-sdk/lib/lwip/src/core/tcp.c.obj
 .text.tcp_handle_closepend
                0x100066ec       0x28 wifi/src/CMakeFiles/wifi_bridge.dir/H_/Metropolia/IOT/Pico/Pico-SDK-v1.5.0/pico-sdk/lib/lwip/src/core/tcp.c.obj
 .text.tcp_init
                0x10006714       0x20 wifi/src/CMakeFiles/wifi_bridge.dir/H_/Metropolia/IOT/Pico/Pico-SDK-v1.5.0/pico-sdk/lib/lwip/src/core/tcp.c.obj
                0x10006714                tcp_init
 .text.tcp_free
                0x10006734       0x1c wifi/src/CMakeFiles/wifi_bridge.dir/H_/Metropolia/IOT/Pico/Pico-SDK-v1.5.0/pico-sdk/lib/lwip/src/core/tcp.c.obj
                0x10006734                tcp_free
 .text.tcp_update_rcv_ann_wnd
                0x10006750       0x58 wifi/src/CMakeFiles/wifi_bridge.dir/H_/Metropolia/IOT/Pico/Pico-SDK-v1.5.0/pico-sdk/lib/lwip/src/core/tcp.c.obj
                0x10006750                tcp_update_rcv_ann_wnd
 .text.tcp_recved
                0x100067a8       0x60 wifi/src/CMakeFiles/wifi_bridge.dir/H_/Metropolia/IOT/Pico/Pico-SDK-v1.5.0/pico-sdk/lib/lwip/src/core/tcp.c.obj
                0x100067a8                tcp_recved
 .text.tcp_seg_free
                0x10006808       0x1a wifi/src/CMakeFiles/wifi_bridge.dir/H_/Metropolia/IOT/Pico/Pico-SDK-v1.5.0/pico-sdk/lib/lwip/src/core/tcp.c.obj
                0x10006808                tcp_seg_free
 .text.tcp_segs_free
                0x10006822       0x12 wifi/src/CMakeFiles/wifi_bridge.dir/H_/Metropolia/IOT/Pico/Pico-SDK-v1.5.0/pico-sdk/lib/lwip/src/core/tcp.c.obj
                0x10006822                tcp_segs_free
 .text.tcp_seg_copy
                0x10006834       0x2c wifi/src/CMakeFiles/wifi_bridge.dir/H_/Metropolia/IOT/Pico/Pico-SDK-v1.5.0/pico-sdk/lib/lwip/src/core/tcp.c.obj
                0x10006834                tcp_seg_copy
 .text.tcp_next_iss
                0x10006860       0x28 wifi/src/CMakeFiles/wifi_bridge.dir/H_/Metropolia/IOT/Pico/Pico-SDK-v1.5.0/pico-sdk/lib/lwip/src/core/tcp.c.obj
                0x10006860                tcp_next_iss
 .text.tcp_eff_send_mss_netif
                0x10006888       0x34 wifi/src/CMakeFiles/wifi_bridge.dir/H_/Metropolia/IOT/Pico/Pico-SDK-v1.5.0/pico-sdk/lib/lwip/src/core/tcp.c.obj
                0x10006888                tcp_eff_send_mss_netif
 .text.tcp_free_ooseq
                0x100068bc       0x14 wifi/src/CMakeFiles/wifi_bridge.dir/H_/Metropolia/IOT/Pico/Pico-SDK-v1.5.0/pico-sdk/lib/lwip/src/core/tcp.c.obj
                0x100068bc                tcp_free_ooseq
 .text.tcp_pcb_purge
                0x100068d0       0x58 wifi/src/CMakeFiles/wifi_bridge.dir/H_/Metropolia/IOT/Pico/Pico-SDK-v1.5.0/pico-sdk/lib/lwip/src/core/tcp.c.obj
                0x100068d0                tcp_pcb_purge
 .text.tcp_pcb_remove
                0x10006928       0xa4 wifi/src/CMakeFiles/wifi_bridge.dir/H_/Metropolia/IOT/Pico/Pico-SDK-v1.5.0/pico-sdk/lib/lwip/src/core/tcp.c.obj
                0x10006928                tcp_pcb_remove
 .text.tcp_abandon
                0x100069cc      0x10c wifi/src/CMakeFiles/wifi_bridge.dir/H_/Metropolia/IOT/Pico/Pico-SDK-v1.5.0/pico-sdk/lib/lwip/src/core/tcp.c.obj
                0x100069cc                tcp_abandon
 .text.tcp_abort
                0x10006ad8        0xa wifi/src/CMakeFiles/wifi_bridge.dir/H_/Metropolia/IOT/Pico/Pico-SDK-v1.5.0/pico-sdk/lib/lwip/src/core/tcp.c.obj
                0x10006ad8                tcp_abort
 *fill*         0x10006ae2        0x2 
 .text.tcp_kill_timewait
                0x10006ae4       0x38 wifi/src/CMakeFiles/wifi_bridge.dir/H_/Metropolia/IOT/Pico/Pico-SDK-v1.5.0/pico-sdk/lib/lwip/src/core/tcp.c.obj
 .text.tcp_kill_prio
                0x10006b1c       0x58 wifi/src/CMakeFiles/wifi_bridge.dir/H_/Metropolia/IOT/Pico/Pico-SDK-v1.5.0/pico-sdk/lib/lwip/src/core/tcp.c.obj
 .text.tcp_netif_ip_addr_changed_pcblist
                0x10006b74       0x30 wifi/src/CMakeFiles/wifi_bridge.dir/H_/Metropolia/IOT/Pico/Pico-SDK-v1.5.0/pico-sdk/lib/lwip/src/core/tcp.c.obj
 .text.tcp_netif_ip_addr_changed
                0x10006ba4       0x54 wifi/src/CMakeFiles/wifi_bridge.dir/H_/Metropolia/IOT/Pico/Pico-SDK-v1.5.0/pico-sdk/lib/lwip/src/core/tcp.c.obj
                0x10006ba4                tcp_netif_ip_addr_changed
 .text.tcp_kill_state
                0x10006bf8       0x54 wifi/src/CMakeFiles/wifi_bridge.dir/H_/Metropolia/IOT/Pico/Pico-SDK-v1.5.0/pico-sdk/lib/lwip/src/core/tcp.c.obj
 .text.tcp_alloc
                0x10006c4c       0xcc wifi/src/CMakeFiles/wifi_bridge.dir/H_/Metropolia/IOT/Pico/Pico-SDK-v1.5.0/pico-sdk/lib/lwip/src/core/tcp.c.obj
                0x10006c4c                tcp_alloc
 .text.tcp_close_shutdown
                0x10006d18      0x13c wifi/src/CMakeFiles/wifi_bridge.dir/H_/Metropolia/IOT/Pico/Pico-SDK-v1.5.0/pico-sdk/lib/lwip/src/core/tcp.c.obj
 .text.tcp_close
                0x10006e54       0x2c wifi/src/CMakeFiles/wifi_bridge.dir/H_/Metropolia/IOT/Pico/Pico-SDK-v1.5.0/pico-sdk/lib/lwip/src/core/tcp.c.obj
                0x10006e54                tcp_close
 .text.tcp_recv_null
                0x10006e80       0x3c wifi/src/CMakeFiles/wifi_bridge.dir/H_/Metropolia/IOT/Pico/Pico-SDK-v1.5.0/pico-sdk/lib/lwip/src/core/tcp.c.obj
                0x10006e80                tcp_recv_null
 .text.tcp_process_refused_data
                0x10006ebc       0x88 wifi/src/CMakeFiles/wifi_bridge.dir/H_/Metropolia/IOT/Pico/Pico-SDK-v1.5.0/pico-sdk/lib/lwip/src/core/tcp.c.obj
                0x10006ebc                tcp_process_refused_data
 .text.tcp_fasttmr
                0x10006f44       0x80 wifi/src/CMakeFiles/wifi_bridge.dir/H_/Metropolia/IOT/Pico/Pico-SDK-v1.5.0/pico-sdk/lib/lwip/src/core/tcp.c.obj
                0x10006f44                tcp_fasttmr
 .text.tcp_slowtmr
                0x10006fc4      0x44c wifi/src/CMakeFiles/wifi_bridge.dir/H_/Metropolia/IOT/Pico/Pico-SDK-v1.5.0/pico-sdk/lib/lwip/src/core/tcp.c.obj
                0x10006fc4                tcp_slowtmr
 .text.tcp_tmr  0x10007410       0x20 wifi/src/CMakeFiles/wifi_bridge.dir/H_/Metropolia/IOT/Pico/Pico-SDK-v1.5.0/pico-sdk/lib/lwip/src/core/tcp.c.obj
                0x10007410                tcp_tmr
 .text.tcp_get_next_optbyte
                0x10007430       0x40 wifi/src/CMakeFiles/wifi_bridge.dir/H_/Metropolia/IOT/Pico/Pico-SDK-v1.5.0/pico-sdk/lib/lwip/src/core/tcp_in.c.obj
 .text.tcp_parseopt
                0x10007470       0x9c wifi/src/CMakeFiles/wifi_bridge.dir/H_/Metropolia/IOT/Pico/Pico-SDK-v1.5.0/pico-sdk/lib/lwip/src/core/tcp_in.c.obj
 .text.tcp_input_delayed_close
                0x1000750c       0x4c wifi/src/CMakeFiles/wifi_bridge.dir/H_/Metropolia/IOT/Pico/Pico-SDK-v1.5.0/pico-sdk/lib/lwip/src/core/tcp_in.c.obj
 .text.tcp_timewait_input
                0x10007558       0xa0 wifi/src/CMakeFiles/wifi_bridge.dir/H_/Metropolia/IOT/Pico/Pico-SDK-v1.5.0/pico-sdk/lib/lwip/src/core/tcp_in.c.obj
 .text.tcp_listen_input
                0x100075f8      0x15c wifi/src/CMakeFiles/wifi_bridge.dir/H_/Metropolia/IOT/Pico/Pico-SDK-v1.5.0/pico-sdk/lib/lwip/src/core/tcp_in.c.obj
 .text.tcp_free_acked_segments
                0x10007754       0xc0 wifi/src/CMakeFiles/wifi_bridge.dir/H_/Metropolia/IOT/Pico/Pico-SDK-v1.5.0/pico-sdk/lib/lwip/src/core/tcp_in.c.obj
 .text.tcp_oos_insert_segment
                0x10007814       0xd4 wifi/src/CMakeFiles/wifi_bridge.dir/H_/Metropolia/IOT/Pico/Pico-SDK-v1.5.0/pico-sdk/lib/lwip/src/core/tcp_in.c.obj
 .text.tcp_receive
                0x100078e8      0x9f0 wifi/src/CMakeFiles/wifi_bridge.dir/H_/Metropolia/IOT/Pico/Pico-SDK-v1.5.0/pico-sdk/lib/lwip/src/core/tcp_in.c.obj
 .text.tcp_process
                0x100082d8      0x55c wifi/src/CMakeFiles/wifi_bridge.dir/H_/Metropolia/IOT/Pico/Pico-SDK-v1.5.0/pico-sdk/lib/lwip/src/core/tcp_in.c.obj
 .text.tcp_input
                0x10008834      0x674 wifi/src/CMakeFiles/wifi_bridge.dir/H_/Metropolia/IOT/Pico/Pico-SDK-v1.5.0/pico-sdk/lib/lwip/src/core/tcp_in.c.obj
                0x10008834                tcp_input
 .text.tcp_trigger_input_pcb_close
                0x10008ea8       0x10 wifi/src/CMakeFiles/wifi_bridge.dir/H_/Metropolia/IOT/Pico/Pico-SDK-v1.5.0/pico-sdk/lib/lwip/src/core/tcp_in.c.obj
                0x10008ea8                tcp_trigger_input_pcb_close
 .text.tcp_output_segment_busy
                0x10008eb8       0x20 wifi/src/CMakeFiles/wifi_bridge.dir/H_/Metropolia/IOT/Pico/Pico-SDK-v1.5.0/pico-sdk/lib/lwip/src/core/tcp_out.c.obj
 .text.tcp_output_fill_options
                0x10008ed8       0x30 wifi/src/CMakeFiles/wifi_bridge.dir/H_/Metropolia/IOT/Pico/Pico-SDK-v1.5.0/pico-sdk/lib/lwip/src/core/tcp_out.c.obj
 .text.tcp_create_segment
                0x10008f08       0xf4 wifi/src/CMakeFiles/wifi_bridge.dir/H_/Metropolia/IOT/Pico/Pico-SDK-v1.5.0/pico-sdk/lib/lwip/src/core/tcp_out.c.obj
 .text.tcp_output_alloc_header_common
                0x10008ffc       0xd0 wifi/src/CMakeFiles/wifi_bridge.dir/H_/Metropolia/IOT/Pico/Pico-SDK-v1.5.0/pico-sdk/lib/lwip/src/core/tcp_out.c.obj
 .text.tcp_output_alloc_header
                0x100090cc       0x3c wifi/src/CMakeFiles/wifi_bridge.dir/H_/Metropolia/IOT/Pico/Pico-SDK-v1.5.0/pico-sdk/lib/lwip/src/core/tcp_out.c.obj
 .text.tcp_rst_common
                0x10009108       0x68 wifi/src/CMakeFiles/wifi_bridge.dir/H_/Metropolia/IOT/Pico/Pico-SDK-v1.5.0/pico-sdk/lib/lwip/src/core/tcp_out.c.obj
 .text.tcp_route
                0x10009170       0x1a wifi/src/CMakeFiles/wifi_bridge.dir/H_/Metropolia/IOT/Pico/Pico-SDK-v1.5.0/pico-sdk/lib/lwip/src/core/tcp_out.c.obj
 *fill*         0x1000918a        0x2 
 .text.tcp_output_segment
                0x1000918c      0x168 wifi/src/CMakeFiles/wifi_bridge.dir/H_/Metropolia/IOT/Pico/Pico-SDK-v1.5.0/pico-sdk/lib/lwip/src/core/tcp_out.c.obj
 .text.tcp_output_control_segment_netif
                0x100092f4       0x84 wifi/src/CMakeFiles/wifi_bridge.dir/H_/Metropolia/IOT/Pico/Pico-SDK-v1.5.0/pico-sdk/lib/lwip/src/core/tcp_out.c.obj
 .text.tcp_output_control_segment
                0x10009378       0x44 wifi/src/CMakeFiles/wifi_bridge.dir/H_/Metropolia/IOT/Pico/Pico-SDK-v1.5.0/pico-sdk/lib/lwip/src/core/tcp_out.c.obj
 .text.tcp_split_unsent_seg
                0x100093bc      0x1f8 wifi/src/CMakeFiles/wifi_bridge.dir/H_/Metropolia/IOT/Pico/Pico-SDK-v1.5.0/pico-sdk/lib/lwip/src/core/tcp_out.c.obj
                0x100093bc                tcp_split_unsent_seg
 .text.tcp_enqueue_flags
                0x100095b4      0x11c wifi/src/CMakeFiles/wifi_bridge.dir/H_/Metropolia/IOT/Pico/Pico-SDK-v1.5.0/pico-sdk/lib/lwip/src/core/tcp_out.c.obj
                0x100095b4                tcp_enqueue_flags
 .text.tcp_send_fin
                0x100096d0       0x68 wifi/src/CMakeFiles/wifi_bridge.dir/H_/Metropolia/IOT/Pico/Pico-SDK-v1.5.0/pico-sdk/lib/lwip/src/core/tcp_out.c.obj
                0x100096d0                tcp_send_fin
 .text.tcp_rexmit_rto_prepare
                0x10009738       0xac wifi/src/CMakeFiles/wifi_bridge.dir/H_/Metropolia/IOT/Pico/Pico-SDK-v1.5.0/pico-sdk/lib/lwip/src/core/tcp_out.c.obj
                0x10009738                tcp_rexmit_rto_prepare
 .text.tcp_rexmit
                0x100097e4       0xa4 wifi/src/CMakeFiles/wifi_bridge.dir/H_/Metropolia/IOT/Pico/Pico-SDK-v1.5.0/pico-sdk/lib/lwip/src/core/tcp_out.c.obj
                0x100097e4                tcp_rexmit
 .text.tcp_rexmit_fast
                0x10009888       0x68 wifi/src/CMakeFiles/wifi_bridge.dir/H_/Metropolia/IOT/Pico/Pico-SDK-v1.5.0/pico-sdk/lib/lwip/src/core/tcp_out.c.obj
                0x10009888                tcp_rexmit_fast
 .text.tcp_rst  0x100098f0       0x32 wifi/src/CMakeFiles/wifi_bridge.dir/H_/Metropolia/IOT/Pico/Pico-SDK-v1.5.0/pico-sdk/lib/lwip/src/core/tcp_out.c.obj
                0x100098f0                tcp_rst
 .text.tcp_rst_netif
                0x10009922       0x38 wifi/src/CMakeFiles/wifi_bridge.dir/H_/Metropolia/IOT/Pico/Pico-SDK-v1.5.0/pico-sdk/lib/lwip/src/core/tcp_out.c.obj
                0x10009922                tcp_rst_netif
 *fill*         0x1000995a        0x2 
 .text.tcp_send_empty_ack
                0x1000995c       0x64 wifi/src/CMakeFiles/wifi_bridge.dir/H_/Metropolia/IOT/Pico/Pico-SDK-v1.5.0/pico-sdk/lib/lwip/src/core/tcp_out.c.obj
                0x1000995c                tcp_send_empty_ack
 .text.tcp_output
                0x100099c0      0x338 wifi/src/CMakeFiles/wifi_bridge.dir/H_/Metropolia/IOT/Pico/Pico-SDK-v1.5.0/pico-sdk/lib/lwip/src/core/tcp_out.c.obj
                0x100099c0                tcp_output
 .text.tcp_rexmit_rto_commit
                0x10009cf8       0x24 wifi/src/CMakeFiles/wifi_bridge.dir/H_/Metropolia/IOT/Pico/Pico-SDK-v1.5.0/pico-sdk/lib/lwip/src/core/tcp_out.c.obj
                0x10009cf8                tcp_rexmit_rto_commit
 .text.tcp_rexmit_rto
                0x10009d1c       0x24 wifi/src/CMakeFiles/wifi_bridge.dir/H_/Metropolia/IOT/Pico/Pico-SDK-v1.5.0/pico-sdk/lib/lwip/src/core/tcp_out.c.obj
                0x10009d1c                tcp_rexmit_rto
 .text.tcp_keepalive
                0x10009d40       0x48 wifi/src/CMakeFiles/wifi_bridge.dir/H_/Metropolia/IOT/Pico/Pico-SDK-v1.5.0/pico-sdk/lib/lwip/src/core/tcp_out.c.obj
                0x10009d40                tcp_keepalive
 .text.tcp_zero_window_probe
                0x10009d88      0x10c wifi/src/CMakeFiles/wifi_bridge.dir/H_/Metropolia/IOT/Pico/Pico-SDK-v1.5.0/pico-sdk/lib/lwip/src/core/tcp_out.c.obj
                0x10009d88                tcp_zero_window_probe
 .text.sys_timeout_abs
                0x10009e94       0x60 wifi/src/CMakeFiles/wifi_bridge.dir/H_/Metropolia/IOT/Pico/Pico-SDK-v1.5.0/pico-sdk/lib/lwip/src/core/timeouts.c.obj
 .text.lwip_cyclic_timer
                0x10009ef4       0x38 wifi/src/CMakeFiles/wifi_bridge.dir/H_/Metropolia/IOT/Pico/Pico-SDK-v1.5.0/pico-sdk/lib/lwip/src/core/timeouts.c.obj
 .text.sys_timeout
                0x10009f2c       0x2c wifi/src/CMakeFiles/wifi_bridge.dir/H_/Metropolia/IOT/Pico/Pico-SDK-v1.5.0/pico-sdk/lib/lwip/src/core/timeouts.c.obj
                0x10009f2c                sys_timeout
 .text.tcp_timer_needed
                0x10009f58       0x40 wifi/src/CMakeFiles/wifi_bridge.dir/H_/Metropolia/IOT/Pico/Pico-SDK-v1.5.0/pico-sdk/lib/lwip/src/core/timeouts.c.obj
                0x10009f58                tcp_timer_needed
 .text.tcpip_tcp_timer
                0x10009f98       0x3c wifi/src/CMakeFiles/wifi_bridge.dir/H_/Metropolia/IOT/Pico/Pico-SDK-v1.5.0/pico-sdk/lib/lwip/src/core/timeouts.c.obj
 .text.sys_timeouts_init
                0x10009fd4       0x24 wifi/src/CMakeFiles/wifi_bridge.dir/H_/Metropolia/IOT/Pico/Pico-SDK-v1.5.0/pico-sdk/lib/lwip/src/core/timeouts.c.obj
                0x10009fd4                sys_timeouts_init
 .text.sys_check_timeouts
                0x10009ff8       0x54 wifi/src/CMakeFiles/wifi_bridge.dir/H_/Metropolia/IOT/Pico/Pico-SDK-v1.5.0/pico-sdk/lib/lwip/src/core/timeouts.c.obj
                0x10009ff8                sys_check_timeouts
 .text.sys_timeouts_sleeptime
                0x1000a04c       0x34 wifi/src/CMakeFiles/wifi_bridge.dir/H_/Metropolia/IOT/Pico/Pico-SDK-v1.5.0/pico-sdk/lib/lwip/src/core/timeouts.c.obj
                0x1000a04c                sys_timeouts_sleeptime
 .text.udp_new_port
                0x1000a080       0x54 wifi/src/CMakeFiles/wifi_bridge.dir/H_/Metropolia/IOT/Pico/Pico-SDK-v1.5.0/pico-sdk/lib/lwip/src/core/udp.c.obj
 .text.udp_input_local_match
                0x1000a0d4       0x90 wifi/src/CMakeFiles/wifi_bridge.dir/H_/Metropolia/IOT/Pico/Pico-SDK-v1.5.0/pico-sdk/lib/lwip/src/core/udp.c.obj
 .text.udp_init
                0x1000a164       0x20 wifi/src/CMakeFiles/wifi_bridge.dir/H_/Metropolia/IOT/Pico/Pico-SDK-v1.5.0/pico-sdk/lib/lwip/src/core/udp.c.obj
                0x1000a164                udp_init
 .text.udp_input
                0x1000a184      0x210 wifi/src/CMakeFiles/wifi_bridge.dir/H_/Metropolia/IOT/Pico/Pico-SDK-v1.5.0/pico-sdk/lib/lwip/src/core/udp.c.obj
                0x1000a184                udp_input
 .text.udp_bind
                0x1000a394       0xbc wifi/src/CMakeFiles/wifi_bridge.dir/H_/Metropolia/IOT/Pico/Pico-SDK-v1.5.0/pico-sdk/lib/lwip/src/core/udp.c.obj
                0x1000a394                udp_bind
 .text.udp_sendto_if_src
                0x1000a450      0x17c wifi/src/CMakeFiles/wifi_bridge.dir/H_/Metropolia/IOT/Pico/Pico-SDK-v1.5.0/pico-sdk/lib/lwip/src/core/udp.c.obj
                0x1000a450                udp_sendto_if_src
 .text.udp_sendto_if
                0x1000a5cc       0x84 wifi/src/CMakeFiles/wifi_bridge.dir/H_/Metropolia/IOT/Pico/Pico-SDK-v1.5.0/pico-sdk/lib/lwip/src/core/udp.c.obj
                0x1000a5cc                udp_sendto_if
 .text.udp_sendto
                0x1000a650       0x84 wifi/src/CMakeFiles/wifi_bridge.dir/H_/Metropolia/IOT/Pico/Pico-SDK-v1.5.0/pico-sdk/lib/lwip/src/core/udp.c.obj
                0x1000a650                udp_sendto
 .text.udp_connect
                0x1000a6d4       0x74 wifi/src/CMakeFiles/wifi_bridge.dir/H_/Metropolia/IOT/Pico/Pico-SDK-v1.5.0/pico-sdk/lib/lwip/src/core/udp.c.obj
                0x1000a6d4                udp_connect
 .text.udp_recv
                0x1000a748       0x18 wifi/src/CMakeFiles/wifi_bridge.dir/H_/Metropolia/IOT/Pico/Pico-SDK-v1.5.0/pico-sdk/lib/lwip/src/core/udp.c.obj
                0x1000a748                udp_recv
 .text.udp_remove
                0x1000a760       0x44 wifi/src/CMakeFiles/wifi_bridge.dir/H_/Metropolia/IOT/Pico/Pico-SDK-v1.5.0/pico-sdk/lib/lwip/src/core/udp.c.obj
                0x1000a760                udp_remove
 .text.udp_new  0x1000a7a4       0x1c wifi/src/CMakeFiles/wifi_bridge.dir/H_/Metropolia/IOT/Pico/Pico-SDK-v1.5.0/pico-sdk/lib/lwip/src/core/udp.c.obj
                0x1000a7a4                udp_new
 .text.udp_netif_ip_addr_changed
                0x1000a7c0       0x38 wifi/src/CMakeFiles/wifi_bridge.dir/H_/Metropolia/IOT/Pico/Pico-SDK-v1.5.0/pico-sdk/lib/lwip/src/core/udp.c.obj
                0x1000a7c0                udp_netif_ip_addr_changed
 .text.dhcp_set_state
                0x1000a7f8       0x10 wifi/src/CMakeFiles/wifi_bridge.dir/H_/Metropolia/IOT/Pico/Pico-SDK-v1.5.0/pico-sdk/lib/lwip/src/core/ipv4/dhcp.c.obj
 .text.dhcp_option_short
                0x1000a808       0x24 wifi/src/CMakeFiles/wifi_bridge.dir/H_/Metropolia/IOT/Pico/Pico-SDK-v1.5.0/pico-sdk/lib/lwip/src/core/ipv4/dhcp.c.obj
 .text.dhcp_option
                0x1000a82c       0x24 wifi/src/CMakeFiles/wifi_bridge.dir/H_/Metropolia/IOT/Pico/Pico-SDK-v1.5.0/pico-sdk/lib/lwip/src/core/ipv4/dhcp.c.obj
 .text.dhcp_option_byte
                0x1000a850       0x1c wifi/src/CMakeFiles/wifi_bridge.dir/H_/Metropolia/IOT/Pico/Pico-SDK-v1.5.0/pico-sdk/lib/lwip/src/core/ipv4/dhcp.c.obj
 .text.dhcp_option_long
                0x1000a86c       0x34 wifi/src/CMakeFiles/wifi_bridge.dir/H_/Metropolia/IOT/Pico/Pico-SDK-v1.5.0/pico-sdk/lib/lwip/src/core/ipv4/dhcp.c.obj
 .text.dhcp_create_msg
                0x1000a8a0      0x138 wifi/src/CMakeFiles/wifi_bridge.dir/H_/Metropolia/IOT/Pico/Pico-SDK-v1.5.0/pico-sdk/lib/lwip/src/core/ipv4/dhcp.c.obj
 .text.dhcp_option_hostname
                0x1000a9d8       0x70 wifi/src/CMakeFiles/wifi_bridge.dir/H_/Metropolia/IOT/Pico/Pico-SDK-v1.5.0/pico-sdk/lib/lwip/src/core/ipv4/dhcp.c.obj
 .text.dhcp_option_trailer
                0x1000aa48       0x30 wifi/src/CMakeFiles/wifi_bridge.dir/H_/Metropolia/IOT/Pico/Pico-SDK-v1.5.0/pico-sdk/lib/lwip/src/core/ipv4/dhcp.c.obj
 .text.dhcp_rebind
                0x1000aa78       0xfc wifi/src/CMakeFiles/wifi_bridge.dir/H_/Metropolia/IOT/Pico/Pico-SDK-v1.5.0/pico-sdk/lib/lwip/src/core/ipv4/dhcp.c.obj
 .text.dhcp_t2_timeout
                0x1000ab74       0x2e wifi/src/CMakeFiles/wifi_bridge.dir/H_/Metropolia/IOT/Pico/Pico-SDK-v1.5.0/pico-sdk/lib/lwip/src/core/ipv4/dhcp.c.obj
 *fill*         0x1000aba2        0x2 
 .text.dhcp_reboot
                0x1000aba4      0x120 wifi/src/CMakeFiles/wifi_bridge.dir/H_/Metropolia/IOT/Pico/Pico-SDK-v1.5.0/pico-sdk/lib/lwip/src/core/ipv4/dhcp.c.obj
 .text.dhcp_select
                0x1000acc4      0x16c wifi/src/CMakeFiles/wifi_bridge.dir/H_/Metropolia/IOT/Pico/Pico-SDK-v1.5.0/pico-sdk/lib/lwip/src/core/ipv4/dhcp.c.obj
 .text.dhcp_handle_offer
                0x1000ae30       0x48 wifi/src/CMakeFiles/wifi_bridge.dir/H_/Metropolia/IOT/Pico/Pico-SDK-v1.5.0/pico-sdk/lib/lwip/src/core/ipv4/dhcp.c.obj
 .text.dhcp_discover
                0x1000ae78       0xf8 wifi/src/CMakeFiles/wifi_bridge.dir/H_/Metropolia/IOT/Pico/Pico-SDK-v1.5.0/pico-sdk/lib/lwip/src/core/ipv4/dhcp.c.obj
 .text.dhcp_dec_pcb_refcount
                0x1000af70       0x38 wifi/src/CMakeFiles/wifi_bridge.dir/H_/Metropolia/IOT/Pico/Pico-SDK-v1.5.0/pico-sdk/lib/lwip/src/core/ipv4/dhcp.c.obj
 .text.dhcp_inc_pcb_refcount
                0x1000afa8       0x74 wifi/src/CMakeFiles/wifi_bridge.dir/H_/Metropolia/IOT/Pico/Pico-SDK-v1.5.0/pico-sdk/lib/lwip/src/core/ipv4/dhcp.c.obj
 .text.dhcp_parse_reply
                0x1000b01c      0x2fc wifi/src/CMakeFiles/wifi_bridge.dir/H_/Metropolia/IOT/Pico/Pico-SDK-v1.5.0/pico-sdk/lib/lwip/src/core/ipv4/dhcp.c.obj
 .text.dhcp_handle_ack
                0x1000b318       0xd0 wifi/src/CMakeFiles/wifi_bridge.dir/H_/Metropolia/IOT/Pico/Pico-SDK-v1.5.0/pico-sdk/lib/lwip/src/core/ipv4/dhcp.c.obj
 .text.dhcp_bind
                0x1000b3e8      0x104 wifi/src/CMakeFiles/wifi_bridge.dir/H_/Metropolia/IOT/Pico/Pico-SDK-v1.5.0/pico-sdk/lib/lwip/src/core/ipv4/dhcp.c.obj
 .text.dhcp_handle_nak
                0x1000b4ec       0x24 wifi/src/CMakeFiles/wifi_bridge.dir/H_/Metropolia/IOT/Pico/Pico-SDK-v1.5.0/pico-sdk/lib/lwip/src/core/ipv4/dhcp.c.obj
 .text.dhcp_recv
                0x1000b510       0xf4 wifi/src/CMakeFiles/wifi_bridge.dir/H_/Metropolia/IOT/Pico/Pico-SDK-v1.5.0/pico-sdk/lib/lwip/src/core/ipv4/dhcp.c.obj
 .text.dhcp_set_struct
                0x1000b604       0x44 wifi/src/CMakeFiles/wifi_bridge.dir/H_/Metropolia/IOT/Pico/Pico-SDK-v1.5.0/pico-sdk/lib/lwip/src/core/ipv4/dhcp.c.obj
                0x1000b604                dhcp_set_struct
 .text.dhcp_network_changed_link_up
                0x1000b648       0x40 wifi/src/CMakeFiles/wifi_bridge.dir/H_/Metropolia/IOT/Pico/Pico-SDK-v1.5.0/pico-sdk/lib/lwip/src/core/ipv4/dhcp.c.obj
                0x1000b648                dhcp_network_changed_link_up
 .text.dhcp_renew
                0x1000b688       0xf8 wifi/src/CMakeFiles/wifi_bridge.dir/H_/Metropolia/IOT/Pico/Pico-SDK-v1.5.0/pico-sdk/lib/lwip/src/core/ipv4/dhcp.c.obj
                0x1000b688                dhcp_renew
 .text.dhcp_t1_timeout
                0x1000b780       0x2a wifi/src/CMakeFiles/wifi_bridge.dir/H_/Metropolia/IOT/Pico/Pico-SDK-v1.5.0/pico-sdk/lib/lwip/src/core/ipv4/dhcp.c.obj
 .text.dhcp_supplied_address
                0x1000b7aa       0x32 wifi/src/CMakeFiles/wifi_bridge.dir/H_/Metropolia/IOT/Pico/Pico-SDK-v1.5.0/pico-sdk/lib/lwip/src/core/ipv4/dhcp.c.obj
                0x1000b7aa                dhcp_supplied_address
 .text.dhcp_release_and_stop
                0x1000b7dc       0xdc wifi/src/CMakeFiles/wifi_bridge.dir/H_/Metropolia/IOT/Pico/Pico-SDK-v1.5.0/pico-sdk/lib/lwip/src/core/ipv4/dhcp.c.obj
                0x1000b7dc                dhcp_release_and_stop
 .text.dhcp_start
                0x1000b8b8       0xac wifi/src/CMakeFiles/wifi_bridge.dir/H_/Metropolia/IOT/Pico/Pico-SDK-v1.5.0/pico-sdk/lib/lwip/src/core/ipv4/dhcp.c.obj
                0x1000b8b8                dhcp_start
 .text.dhcp_coarse_tmr
                0x1000b964       0x6c wifi/src/CMakeFiles/wifi_bridge.dir/H_/Metropolia/IOT/Pico/Pico-SDK-v1.5.0/pico-sdk/lib/lwip/src/core/ipv4/dhcp.c.obj
                0x1000b964                dhcp_coarse_tmr
 .text.dhcp_timeout
                0x1000b9d0       0x4a wifi/src/CMakeFiles/wifi_bridge.dir/H_/Metropolia/IOT/Pico/Pico-SDK-v1.5.0/pico-sdk/lib/lwip/src/core/ipv4/dhcp.c.obj
 *fill*         0x1000ba1a        0x2 
 .text.dhcp_fine_tmr
                0x1000ba1c       0x38 wifi/src/CMakeFiles/wifi_bridge.dir/H_/Metropolia/IOT/Pico/Pico-SDK-v1.5.0/pico-sdk/lib/lwip/src/core/ipv4/dhcp.c.obj
                0x1000ba1c                dhcp_fine_tmr
 .text.dhcp_stop
                0x1000ba54        0x8 wifi/src/CMakeFiles/wifi_bridge.dir/H_/Metropolia/IOT/Pico/Pico-SDK-v1.5.0/pico-sdk/lib/lwip/src/core/ipv4/dhcp.c.obj
                0x1000ba54                dhcp_stop
 .text.etharp_free_entry
                0x1000ba5c       0x4c wifi/src/CMakeFiles/wifi_bridge.dir/H_/Metropolia/IOT/Pico/Pico-SDK-v1.5.0/pico-sdk/lib/lwip/src/core/ipv4/etharp.c.obj
 .text.etharp_find_entry
                0x1000baa8      0x1b0 wifi/src/CMakeFiles/wifi_bridge.dir/H_/Metropolia/IOT/Pico/Pico-SDK-v1.5.0/pico-sdk/lib/lwip/src/core/ipv4/etharp.c.obj
 .text.etharp_update_arp_entry
                0x1000bc58       0xc8 wifi/src/CMakeFiles/wifi_bridge.dir/H_/Metropolia/IOT/Pico/Pico-SDK-v1.5.0/pico-sdk/lib/lwip/src/core/ipv4/etharp.c.obj
 .text.etharp_raw
                0x1000bd20       0xf0 wifi/src/CMakeFiles/wifi_bridge.dir/H_/Metropolia/IOT/Pico/Pico-SDK-v1.5.0/pico-sdk/lib/lwip/src/core/ipv4/etharp.c.obj
 .text.etharp_request_dst
                0x1000be10       0x24 wifi/src/CMakeFiles/wifi_bridge.dir/H_/Metropolia/IOT/Pico/Pico-SDK-v1.5.0/pico-sdk/lib/lwip/src/core/ipv4/etharp.c.obj
 .text.etharp_cleanup_netif
                0x1000be34       0x3c wifi/src/CMakeFiles/wifi_bridge.dir/H_/Metropolia/IOT/Pico/Pico-SDK-v1.5.0/pico-sdk/lib/lwip/src/core/ipv4/etharp.c.obj
                0x1000be34                etharp_cleanup_netif
 .text.etharp_input
                0x1000be70      0x120 wifi/src/CMakeFiles/wifi_bridge.dir/H_/Metropolia/IOT/Pico/Pico-SDK-v1.5.0/pico-sdk/lib/lwip/src/core/ipv4/etharp.c.obj
                0x1000be70                etharp_input
 .text.etharp_request
                0x1000bf90       0x10 wifi/src/CMakeFiles/wifi_bridge.dir/H_/Metropolia/IOT/Pico/Pico-SDK-v1.5.0/pico-sdk/lib/lwip/src/core/ipv4/etharp.c.obj
                0x1000bf90                etharp_request
 .text.etharp_tmr
                0x1000bfa0       0x8c wifi/src/CMakeFiles/wifi_bridge.dir/H_/Metropolia/IOT/Pico/Pico-SDK-v1.5.0/pico-sdk/lib/lwip/src/core/ipv4/etharp.c.obj
                0x1000bfa0                etharp_tmr
 .text.etharp_output_to_arp_index
                0x1000c02c       0xc0 wifi/src/CMakeFiles/wifi_bridge.dir/H_/Metropolia/IOT/Pico/Pico-SDK-v1.5.0/pico-sdk/lib/lwip/src/core/ipv4/etharp.c.obj
 .text.etharp_query
                0x1000c0ec      0x1d8 wifi/src/CMakeFiles/wifi_bridge.dir/H_/Metropolia/IOT/Pico/Pico-SDK-v1.5.0/pico-sdk/lib/lwip/src/core/ipv4/etharp.c.obj
                0x1000c0ec                etharp_query
 .text.etharp_output
                0x1000c2c4      0x154 wifi/src/CMakeFiles/wifi_bridge.dir/H_/Metropolia/IOT/Pico/Pico-SDK-v1.5.0/pico-sdk/lib/lwip/src/core/ipv4/etharp.c.obj
                0x1000c2c4                etharp_output
 .text.icmp_send_response
                0x1000c418       0xd4 wifi/src/CMakeFiles/wifi_bridge.dir/H_/Metropolia/IOT/Pico/Pico-SDK-v1.5.0/pico-sdk/lib/lwip/src/core/ipv4/icmp.c.obj
 .text.icmp_input
                0x1000c4ec      0x204 wifi/src/CMakeFiles/wifi_bridge.dir/H_/Metropolia/IOT/Pico/Pico-SDK-v1.5.0/pico-sdk/lib/lwip/src/core/ipv4/icmp.c.obj
                0x1000c4ec                icmp_input
 .text.icmp_dest_unreach
                0x1000c6f0        0xc wifi/src/CMakeFiles/wifi_bridge.dir/H_/Metropolia/IOT/Pico/Pico-SDK-v1.5.0/pico-sdk/lib/lwip/src/core/ipv4/icmp.c.obj
                0x1000c6f0                icmp_dest_unreach
 .text.icmp_time_exceeded
                0x1000c6fc        0xc wifi/src/CMakeFiles/wifi_bridge.dir/H_/Metropolia/IOT/Pico/Pico-SDK-v1.5.0/pico-sdk/lib/lwip/src/core/ipv4/icmp.c.obj
                0x1000c6fc                icmp_time_exceeded
 .text.ip_reass_dequeue_datagram
                0x1000c708       0x34 wifi/src/CMakeFiles/wifi_bridge.dir/H_/Metropolia/IOT/Pico/Pico-SDK-v1.5.0/pico-sdk/lib/lwip/src/core/ipv4/ip4_frag.c.obj
 .text.ip_reass_free_complete_datagram
                0x1000c73c       0xe8 wifi/src/CMakeFiles/wifi_bridge.dir/H_/Metropolia/IOT/Pico/Pico-SDK-v1.5.0/pico-sdk/lib/lwip/src/core/ipv4/ip4_frag.c.obj
 .text.ip_reass_remove_oldest_datagram
                0x1000c824       0xc4 wifi/src/CMakeFiles/wifi_bridge.dir/H_/Metropolia/IOT/Pico/Pico-SDK-v1.5.0/pico-sdk/lib/lwip/src/core/ipv4/ip4_frag.c.obj
 .text.ip_reass_chain_frag_into_datagram_and_validate
                0x1000c8e8      0x27c wifi/src/CMakeFiles/wifi_bridge.dir/H_/Metropolia/IOT/Pico/Pico-SDK-v1.5.0/pico-sdk/lib/lwip/src/core/ipv4/ip4_frag.c.obj
 .text.ip_reass_enqueue_new_datagram
                0x1000cb64       0x64 wifi/src/CMakeFiles/wifi_bridge.dir/H_/Metropolia/IOT/Pico/Pico-SDK-v1.5.0/pico-sdk/lib/lwip/src/core/ipv4/ip4_frag.c.obj
 .text.ip_reass_tmr
                0x1000cbc8       0x30 wifi/src/CMakeFiles/wifi_bridge.dir/H_/Metropolia/IOT/Pico/Pico-SDK-v1.5.0/pico-sdk/lib/lwip/src/core/ipv4/ip4_frag.c.obj
                0x1000cbc8                ip_reass_tmr
 .text.ip4_reass
                0x1000cbf8      0x284 wifi/src/CMakeFiles/wifi_bridge.dir/H_/Metropolia/IOT/Pico/Pico-SDK-v1.5.0/pico-sdk/lib/lwip/src/core/ipv4/ip4_frag.c.obj
                0x1000cbf8                ip4_reass
 .text.ip4_frag
                0x1000ce7c      0x178 wifi/src/CMakeFiles/wifi_bridge.dir/H_/Metropolia/IOT/Pico/Pico-SDK-v1.5.0/pico-sdk/lib/lwip/src/core/ipv4/ip4_frag.c.obj
                0x1000ce7c                ip4_frag
 .text.ip4_input_accept
                0x1000cff4       0x38 wifi/src/CMakeFiles/wifi_bridge.dir/H_/Metropolia/IOT/Pico/Pico-SDK-v1.5.0/pico-sdk/lib/lwip/src/core/ipv4/ip4.c.obj
 .text.ip4_route
                0x1000d02c       0x7c wifi/src/CMakeFiles/wifi_bridge.dir/H_/Metropolia/IOT/Pico/Pico-SDK-v1.5.0/pico-sdk/lib/lwip/src/core/ipv4/ip4.c.obj
                0x1000d02c                ip4_route
 .text.ip4_input
                0x1000d0a8      0x2a0 wifi/src/CMakeFiles/wifi_bridge.dir/H_/Metropolia/IOT/Pico/Pico-SDK-v1.5.0/pico-sdk/lib/lwip/src/core/ipv4/ip4.c.obj
                0x1000d0a8                ip4_input
 .text.ip4_output_if_src
                0x1000d348      0x1c4 wifi/src/CMakeFiles/wifi_bridge.dir/H_/Metropolia/IOT/Pico/Pico-SDK-v1.5.0/pico-sdk/lib/lwip/src/core/ipv4/ip4.c.obj
                0x1000d348                ip4_output_if_src
 .text.ip4_output_if
                0x1000d50c       0x2e wifi/src/CMakeFiles/wifi_bridge.dir/H_/Metropolia/IOT/Pico/Pico-SDK-v1.5.0/pico-sdk/lib/lwip/src/core/ipv4/ip4.c.obj
                0x1000d50c                ip4_output_if
 .text.ip4_addr_isbroadcast_u32
                0x1000d53a       0x42 wifi/src/CMakeFiles/wifi_bridge.dir/H_/Metropolia/IOT/Pico/Pico-SDK-v1.5.0/pico-sdk/lib/lwip/src/core/ipv4/ip4_addr.c.obj
                0x1000d53a                ip4_addr_isbroadcast_u32
 .text.ethernet_input
                0x1000d57c       0xe0 wifi/src/CMakeFiles/wifi_bridge.dir/H_/Metropolia/IOT/Pico/Pico-SDK-v1.5.0/pico-sdk/lib/lwip/src/netif/ethernet.c.obj
                0x1000d57c                ethernet_input
 .text.ethernet_output
                0x1000d65c       0x6c wifi/src/CMakeFiles/wifi_bridge.dir/H_/Metropolia/IOT/Pico/Pico-SDK-v1.5.0/pico-sdk/lib/lwip/src/netif/ethernet.c.obj
                0x1000d65c                ethernet_output
 .text.cyw43_tcpip_link_status_name